iocon_15xx.h:95:20:void Chip_IOCON_PinMuxSet(LPC_IOCON_T*, uint8_t, uint8_t, uint32_t)	24	static
gpio_15xx.h:95:20:void Chip_GPIO_SetPinState(LPC_GPIO_T*, uint8_t, uint8_t, bool)	16	static
gpio_15xx.h:121:20:bool Chip_GPIO_GetPinState(LPC_GPIO_T*, uint8_t, uint8_t)	16	static
gpio_15xx.h:146:20:void Chip_GPIO_SetPinDIROutput(LPC_GPIO_T*, uint8_t, uint8_t)	16	static
gpio_15xx.h:158:20:void Chip_GPIO_SetPinDIRInput(LPC_GPIO_T*, uint8_t, uint8_t)	16	static
DigIO.cpp:5:1:DigitalIoPin::DigitalIoPin(int, int, bool, bool, bool)	32	static
DigIO.cpp:24:1:DigitalIoPin::~DigitalIoPin()	16	static
DigIO.cpp:24:1:virtual DigitalIoPin::~DigitalIoPin()	16	static
DigIO.cpp:26:6:bool DigitalIoPin::read()	16	static
DigIO.cpp:32:6:void DigitalIoPin::write(bool)	16	static
DigIO.cpp:40:6:void DigitalIoPin::toggle()	16	static
DigIO.cpp:49:1:ButtonPin::ButtonPin(int, int, bool)	32	static
DigIO.cpp:53:10:uint32_t ButtonPin::ReadWithBounce()	24	static
DigIO.cpp:86:6:bool ButtonPin::ReadOnceWithBounce()	16	static
DigIO.cpp:91:6:void ButtonPin::ResetPress()	16	static
DigIO.cpp:93:6:bool ButtonPin::Released()	16	static
DigIO.cpp:95:1:LEDPin::LEDPin(int, int, bool)	32	static
DigIO.cpp:98:6:void LEDPin::setcounter(uint32_t)	16	static
DigIO.cpp:104:6:void LEDPin::checkcounter()	16	static
DigIO.h:54:7:LEDPin::~LEDPin()	16	static
DigIO.h:54:7:virtual LEDPin::~LEDPin()	16	static
DigIO.h:38:7:ButtonPin::~ButtonPin()	16	static
DigIO.h:38:7:virtual ButtonPin::~ButtonPin()	16	static
