PropertyEdit.h:13:2:PropertyEdit::PropertyEdit()	16	static
PropertyEdit.h:14:10:PropertyEdit::~PropertyEdit()	16	static
PropertyEdit.h:14:10:virtual PropertyEdit::~PropertyEdit()	16	static
gthr-default.h:229:1:int __gthread_key_delete(__gthread_key_t)	16	static
IntegerEdit.cpp:11:1:IntegerEdit::IntegerEdit(LiquidCrystal*, const string&, const string&, int, int)	24	static
IntegerEdit.cpp:18:1:IntegerEdit::~IntegerEdit()	16	static
IntegerEdit.cpp:18:1:virtual IntegerEdit::~IntegerEdit()	16	static
IntegerEdit.cpp:22:6:virtual void IntegerEdit::increment()	16	static
IntegerEdit.cpp:27:6:virtual void IntegerEdit::decrement()	16	static
IntegerEdit.cpp:32:6:virtual void IntegerEdit::accept()	16	static
IntegerEdit.cpp:38:6:virtual void IntegerEdit::cancel()	16	static
IntegerEdit.cpp:42:6:virtual void IntegerEdit::setFocus(bool)	16	static
IntegerEdit.cpp:46:6:virtual bool IntegerEdit::getFocus() const	16	static
IntegerEdit.cpp:50:6:virtual void IntegerEdit::display()	32	static
IntegerEdit.cpp:61:5:int IntegerEdit::getValue() const	16	static
IntegerEdit.cpp:64:6:void IntegerEdit::setValue(int)	16	static
LiquidCrystal.h:83:8:) [with Args = {const char*}]	32	static
LiquidCrystal.h:83:8:) [with Args = {int}]	32	static
LiquidCrystal.h:78:8:) [with Args = {}]	16	static
LiquidCrystal.h:83:8:) [with Args = {}]	24	static
