LpcUart.cpp:160:1:LpcUart::~LpcUart()	8	static
LpcUart.cpp:160:1:virtual LpcUart::~LpcUart()	8	static
LpcUart.cpp:21:6:void UART0_IRQHandler()	0	static
LpcUart.cpp:30:6:void UART1_IRQHandler()	0	static
LpcUart.cpp:39:6:void UART2_IRQHandler()	0	static
LpcUart.cpp:51:6:void LpcUart::isr()	0	static
LpcUart.cpp:57:1:LpcUart::LpcUart(const LpcUartConfig&)	32	static
LpcUart.cpp:176:6:int LpcUart::free()	0	static
LpcUart.cpp:181:6:int LpcUart::peek()	0	static
LpcUart.cpp:186:6:int LpcUart::read(char&)	0	static
LpcUart.cpp:191:6:int LpcUart::read(char*, int)	4	static
LpcUart.cpp:196:5:int LpcUart::write(char)	16	static
LpcUart.cpp:201:5:int LpcUart::write(const char*)	16	static
LpcUart.cpp:206:5:int LpcUart::write(const char*, int)	4	static
LpcUart.cpp:211:6:void LpcUart::txbreak(bool)	0	static
LpcUart.cpp:216:6:bool LpcUart::rxbreak()	0	static
LpcUart.cpp:222:6:void LpcUart::speed(int)	0	static
LpcUart.cpp:227:6:bool LpcUart::txempty()	0	static
