core_cm3.h:1335:22:void NVIC_DisableIRQ(IRQn_Type)	16	static
core_cm3.h:1405:22:void NVIC_SetPriority(IRQn_Type, uint32_t)	16	static
core_cm3.h:1532:26:uint32_t SysTick_Config(uint32_t)	16	static
sysctl_15xx.h:185:20:void Chip_SYSCTL_PeriphReset(CHIP_SYSCTL_PERIPH_RESET_T)	16	static
swm_15xx.h:232:20:void Chip_SWM_MovablePortPinAssign(CHIP_SWM_PIN_MOVABLE_T, uint8_t, uint8_t)	16	static
gpio_15xx.h:158:20:void Chip_GPIO_SetPinDIRInput(LPC_GPIO_T*, uint8_t, uint8_t)	16	static
gthr-default.h:229:1:int __gthread_key_delete(__gthread_key_t)	16	static
ventproj.cpp:76:6:void QEI_Setup()	16	static
ventproj.cpp:154:6:void handleleds()	120	static
ventproj.cpp:181:5:int QEITest()	504	static
ventproj.cpp:303:5:int main()	8	static
