basic_string.h:514:7:std::__cxx11::basic_string<_CharT, _Traits, _Alloc>::basic_string(const _CharT*, const _Alloc&) [with _CharT = char; _Traits = std::char_traits<char>; _Alloc = std::allocator<char>]	32	static
ventproj.cpp:33:6:void PIN_INT0_IRQHandler()	0	static
ventproj.cpp:42:6:void PIN_INT1_IRQHandler()	0	static
ventproj.cpp:51:6:void PIN_INT2_IRQHandler()	0	static
ventproj.cpp:61:6:void SysTick_Handler()	8	static
ventproj.cpp:72:6:void Sleep(unsigned int)	0	static
ventproj.cpp:78:10:uint32_t millis()	0	static
ventproj.cpp:82:5:int main()	752	static
