Archive member included to satisfy reference by file (symbol)

/Users/visa/Documents/MCUXpressoIDE_11.1.0/workspace/lpc_board_nxp_lpcxpresso_1549/Debug/liblpc_board_nxp_lpcxpresso_1549.a(board.o)
                              ./src/Exercise01.o (Board_LED_Set)
/Users/visa/Documents/MCUXpressoIDE_11.1.0/workspace/lpc_board_nxp_lpcxpresso_1549/Debug/liblpc_board_nxp_lpcxpresso_1549.a(board_sysinit.o)
                              ./src/sysinit.o (Board_SystemInit)
/Users/visa/Documents/MCUXpressoIDE_11.1.0/workspace/lpc_chip_15xx/Debug/liblpc_chip_15xx.a(chip_15xx.o)
                              ./src/Exercise01.o (SystemCoreClockUpdate)
/Users/visa/Documents/MCUXpressoIDE_11.1.0/workspace/lpc_chip_15xx/Debug/liblpc_chip_15xx.a(clock_15xx.o)
                              /Users/visa/Documents/MCUXpressoIDE_11.1.0/workspace/lpc_board_nxp_lpcxpresso_1549/Debug/liblpc_board_nxp_lpcxpresso_1549.a(board.o) (Chip_Clock_GetMainClockRate)
/Users/visa/Documents/MCUXpressoIDE_11.1.0/workspace/lpc_chip_15xx/Debug/liblpc_chip_15xx.a(gpio_15xx.o)
                              /Users/visa/Documents/MCUXpressoIDE_11.1.0/workspace/lpc_board_nxp_lpcxpresso_1549/Debug/liblpc_board_nxp_lpcxpresso_1549.a(board.o) (Chip_GPIO_Init)
/Users/visa/Documents/MCUXpressoIDE_11.1.0/workspace/lpc_chip_15xx/Debug/liblpc_chip_15xx.a(iocon_15xx.o)
                              /Users/visa/Documents/MCUXpressoIDE_11.1.0/workspace/lpc_board_nxp_lpcxpresso_1549/Debug/liblpc_board_nxp_lpcxpresso_1549.a(board_sysinit.o) (Chip_IOCON_SetPinMuxing)
/Users/visa/Documents/MCUXpressoIDE_11.1.0/workspace/lpc_chip_15xx/Debug/liblpc_chip_15xx.a(swm_15xx.o)
                              /Users/visa/Documents/MCUXpressoIDE_11.1.0/workspace/lpc_board_nxp_lpcxpresso_1549/Debug/liblpc_board_nxp_lpcxpresso_1549.a(board.o) (Chip_SWM_MovablePinAssign)
/Users/visa/Documents/MCUXpressoIDE_11.1.0/workspace/lpc_chip_15xx/Debug/liblpc_chip_15xx.a(sysctl_15xx.o)
                              /Users/visa/Documents/MCUXpressoIDE_11.1.0/workspace/lpc_board_nxp_lpcxpresso_1549/Debug/liblpc_board_nxp_lpcxpresso_1549.a(board_sysinit.o) (Chip_SYSCTL_AssertPeriphReset)
/Users/visa/Documents/MCUXpressoIDE_11.1.0/workspace/lpc_chip_15xx/Debug/liblpc_chip_15xx.a(sysinit_15xx.o)
                              /Users/visa/Documents/MCUXpressoIDE_11.1.0/workspace/lpc_board_nxp_lpcxpresso_1549/Debug/liblpc_board_nxp_lpcxpresso_1549.a(board_sysinit.o) (Chip_SetupXtalClocking)
/Users/visa/Documents/MCUXpressoIDE_11.1.0/workspace/lpc_chip_15xx/Debug/liblpc_chip_15xx.a(uart_15xx.o)
                              /Users/visa/Documents/MCUXpressoIDE_11.1.0/workspace/lpc_board_nxp_lpcxpresso_1549/Debug/liblpc_board_nxp_lpcxpresso_1549.a(board.o) (Chip_UART_Init)
/Users/visa/Documents/MCUXpressoIDE_11.1.0/workspace/lpc_chip_15xx/Debug/liblpc_chip_15xx.a(ring_buffer.o)
                              /Users/visa/Documents/MCUXpressoIDE_11.1.0/workspace/lpc_chip_15xx/Debug/liblpc_chip_15xx.a(uart_15xx.o) (RingBuffer_Insert)
/Applications/MCUXpressoIDE_11.1.0_3209/ide/plugins/com.nxp.mcuxpresso.tools.macosx_11.1.0.201909161352/tools/bin/../lib/gcc/arm-none-eabi/8.3.1/thumb/v7-m/nofp/libgcc.a(_aeabi_uldivmod.o)
                              /Users/visa/Documents/MCUXpressoIDE_11.1.0/workspace/lpc_chip_15xx/Debug/liblpc_chip_15xx.a(clock_15xx.o) (__aeabi_uldivmod)
/Applications/MCUXpressoIDE_11.1.0_3209/ide/plugins/com.nxp.mcuxpresso.tools.macosx_11.1.0.201909161352/tools/bin/../lib/gcc/arm-none-eabi/8.3.1/thumb/v7-m/nofp/libgcc.a(_udivmoddi4.o)
                              /Applications/MCUXpressoIDE_11.1.0_3209/ide/plugins/com.nxp.mcuxpresso.tools.macosx_11.1.0.201909161352/tools/bin/../lib/gcc/arm-none-eabi/8.3.1/thumb/v7-m/nofp/libgcc.a(_aeabi_uldivmod.o) (__udivmoddi4)
/Applications/MCUXpressoIDE_11.1.0_3209/ide/plugins/com.nxp.mcuxpresso.tools.macosx_11.1.0.201909161352/tools/bin/../lib/gcc/arm-none-eabi/8.3.1/thumb/v7-m/nofp/libgcc.a(_dvmd_tls.o)
                              /Applications/MCUXpressoIDE_11.1.0_3209/ide/plugins/com.nxp.mcuxpresso.tools.macosx_11.1.0.201909161352/tools/bin/../lib/gcc/arm-none-eabi/8.3.1/thumb/v7-m/nofp/libgcc.a(_aeabi_uldivmod.o) (__aeabi_ldiv0)
/Applications/MCUXpressoIDE_11.1.0_3209/ide/plugins/com.nxp.mcuxpresso.tools.macosx_11.1.0.201909161352/tools/bin/../lib/gcc/arm-none-eabi/8.3.1/../../../../arm-none-eabi/lib/thumb/v7-m/nofp/libc.a(lib_a-init.o)
                              ./src/cr_startup_lpc15xx.o (__libc_init_array)
/Applications/MCUXpressoIDE_11.1.0_3209/ide/plugins/com.nxp.mcuxpresso.tools.macosx_11.1.0.201909161352/tools/bin/../lib/gcc/arm-none-eabi/8.3.1/../../../../arm-none-eabi/lib/thumb/v7-m/nofp/libc.a(lib_a-malloc.o)
                              ./src/cr_cpp_config.o (malloc)
/Applications/MCUXpressoIDE_11.1.0_3209/ide/plugins/com.nxp.mcuxpresso.tools.macosx_11.1.0.201909161352/tools/bin/../lib/gcc/arm-none-eabi/8.3.1/../../../../arm-none-eabi/lib/thumb/v7-m/nofp/libc.a(lib_a-mallocr.o)
[...]
Memory Configuration

Name             Origin             Length             Attributes
MFlash256        0x0000000000000000 0x0000000000040000 xr
Ram0_16_32       0x0000000002000000 0x0000000000008000 xrw
Ram2_4           0x0000000002008000 0x0000000000001000 xrw
*default*        0x0000000000000000 0xffffffffffffffff

Linker script and memory map

LOAD ./src/Exercise01.o
LOAD ./src/cr_cpp_config.o
LOAD ./src/cr_startup_lpc15xx.o
LOAD ./src/crp.o
LOAD ./src/sysinit.o
LOAD /Users/visa/Documents/MCUXpressoIDE_11.1.0/workspace/lpc_board_nxp_lpcxpresso_1549/Debug/liblpc_board_nxp_lpcxpresso_1549.a
LOAD /Users/visa/Documents/MCUXpressoIDE_11.1.0/workspace/lpc_chip_15xx/Debug/liblpc_chip_15xx.a
START GROUP
LOAD /Applications/MCUXpressoIDE_11.1.0_3209/ide/plugins/com.nxp.mcuxpresso.tools.macosx_11.1.0.201909161352/tools/bin/../lib/gcc/arm-none-eabi/8.3.1/thumb/v7-m/nofp/libgcc.a
LOAD /Applications/MCUXpressoIDE_11.1.0_3209/ide/plugins/com.nxp.mcuxpresso.tools.macosx_11.1.0.201909161352/tools/bin/../lib/gcc/arm-none-eabi/8.3.1/../../../../arm-none-eabi/lib/thumb/v7-m/nofp/libc.a
LOAD /Applications/MCUXpressoIDE_11.1.0_3209/ide/plugins/com.nxp.mcuxpresso.tools.macosx_11.1.0.201909161352/tools/bin/../lib/gcc/arm-none-eabi/8.3.1/../../../../arm-none-eabi/lib/thumb/v7-m/nofp/libstdc++.a
LOAD /Applications/MCUXpressoIDE_11.1.0_3209/ide/plugins/com.nxp.mcuxpresso.tools.macosx_11.1.0.201909161352/tools/bin/../lib/gcc/arm-none-eabi/8.3.1/../../../../arm-none-eabi/lib/thumb/v7-m/nofp/libm.a
LOAD /Applications/MCUXpressoIDE_11.1.0_3209/ide/plugins/com.nxp.mcuxpresso.tools.macosx_11.1.0.201909161352/tools/bin/../lib/gcc/arm-none-eabi/8.3.1/../../../../arm-none-eabi/lib/thumb/v7-m/nofp/libcr_newlib_nohost.a
LOAD /Applications/MCUXpressoIDE_11.1.0_3209/ide/plugins/com.nxp.mcuxpresso.tools.macosx_11.1.0.201909161352/tools/bin/../lib/gcc/arm-none-eabi/8.3.1/thumb/v7-m/nofp/crti.o
LOAD /Applications/MCUXpressoIDE_11.1.0_3209/ide/plugins/com.nxp.mcuxpresso.tools.macosx_11.1.0.201909161352/tools/bin/../lib/gcc/arm-none-eabi/8.3.1/thumb/v7-m/nofp/crtn.o
LOAD /Applications/MCUXpressoIDE_11.1.0_3209/ide/plugins/com.nxp.mcuxpresso.tools.macosx_11.1.0.201909161352/tools/bin/../lib/gcc/arm-none-eabi/8.3.1/thumb/v7-m/nofp/crtbegin.o
LOAD /Applications/MCUXpressoIDE_11.1.0_3209/ide/plugins/com.nxp.mcuxpresso.tools.macosx_11.1.0.201909161352/tools/bin/../lib/gcc/arm-none-eabi/8.3.1/thumb/v7-m/nofp/crtend.o
END GROUP
                0x0000000000000000                __base_MFlash256 = 0x0
                0x0000000000000000                __base_Flash = 0x0
                0x0000000000040000                __top_MFlash256 = 0x40000
                0x0000000000040000                __top_Flash = 0x40000
                0x0000000002000000                __base_Ram0_16_32 = 0x2000000
                0x0000000002000000                __base_RAM = 0x2000000
                0x0000000002008000                __top_Ram0_16_32 = 0x2008000
                0x0000000002008000                __top_RAM = 0x2008000
                0x0000000002008000                __base_Ram2_4 = 0x2008000
                0x0000000002008000                __base_RAM2 = 0x2008000
                0x0000000002009000                __top_Ram2_4 = 0x2009000
                0x0000000002009000                __top_RAM2 = 0x2009000

.text           0x0000000000000000     0x179c
 FILL mask 0xff
                0x0000000000000000                __vectors_start__ = ABSOLUTE (.)
 *(.isr_vector)
 .isr_vector    0x0000000000000000       0xfc ./src/cr_startup_lpc15xx.o
                0x0000000000000000                g_pfnVectors
                0x00000000000000fc                . = ALIGN (0x4)
                0x00000000000000fc                __section_table_start = .
                0x00000000000000fc                __data_section_table = .
                0x00000000000000fc        0x4 LONG 0x17a4 LOADADDR (.data)
                0x0000000000000100        0x4 LONG 0x2000000 ADDR (.data)
                0x0000000000000104        0x4 LONG 0x0 SIZEOF (.data)
                0x0000000000000108        0x4 LONG 0x17a4 LOADADDR (.data_RAM2)
                0x000000000000010c        0x4 LONG 0x2008000 ADDR (.data_RAM2)
                0x0000000000000110        0x4 LONG 0x0 SIZEOF (.data_RAM2)
                0x0000000000000114                __data_section_table_end = .
                0x0000000000000114                __bss_section_table = .
                0x0000000000000114        0x4 LONG 0x2000000 ADDR (.bss)
                0x0000000000000118        0x4 LONG 0x28 SIZEOF (.bss)
                0x000000000000011c        0x4 LONG 0x2008000 ADDR (.bss_RAM2)
                0x0000000000000120        0x4 LONG 0x0 SIZEOF (.bss_RAM2)
                0x0000000000000124                __bss_section_table_end = .
                0x0000000000000124                __section_table_end = .
 *(.after_vectors*)
 .after_vectors
                0x0000000000000124      0x140 ./src/cr_startup_lpc15xx.o
                0x0000000000000124                data_init(unsigned int, unsigned int, unsigned int)
                0x0000000000000166                bss_init(unsigned int, unsigned int)
                0x000000000000019c                ResetISR
                0x0000000000000228                NMI_Handler
                0x000000000000022e                HardFault_Handler
                0x0000000000000234                MemManage_Handler
                0x000000000000023a                BusFault_Handler
                0x0000000000000240                UsageFault_Handler
                0x0000000000000246                SVC_Handler
                0x000000000000024c                DebugMon_Handler
                0x0000000000000252                PendSV_Handler
                0x000000000000025e                PIN_INT6_IRQHandler
                0x000000000000025e                IntDefaultHandler
                0x000000000000025e                PIN_INT4_IRQHandler
                0x000000000000025e                CAN_IRQHandler
                0x000000000000025e                RTC_ALARM_IRQHandler
                0x000000000000025e                ADC1B_IRQHandler
                0x000000000000025e                ADC1_OVR_IRQHandler
                0x000000000000025e                USBWakeup_IRQHandler
                0x000000000000025e                UART2_IRQHandler
                0x000000000000025e                PIN_INT5_IRQHandler
                0x000000000000025e                SCT1_IRQHandler
                0x000000000000025e                PIN_INT2_IRQHandler
                0x000000000000025e                USB_FIQHandler
                0x000000000000025e                SCT3_IRQHandler
                0x000000000000025e                PIN_INT7_IRQHandler
                0x000000000000025e                PIN_INT1_IRQHandler
                0x000000000000025e                USB_IRQHandler
                0x000000000000025e                BOD_IRQHandler
                0x000000000000025e                ADC0B_IRQHandler
                0x000000000000025e                ACMP0_IRQHandler
                0x000000000000025e                WDT_IRQHandler
                0x000000000000025e                PIN_INT0_IRQHandler
                0x000000000000025e                QEI_IRQHandler
                0x000000000000025e                ACMP3_IRQHandler
                0x000000000000025e                GINT0_IRQHandler
                0x000000000000025e                DAC_IRQHandler
                0x000000000000025e                SPI0_IRQHandler
                0x000000000000025e                EEPROM_IRQHandler
                0x000000000000025e                ACMP2_IRQHandler
                0x000000000000025e                ADC1A_IRQHandler
                0x000000000000025e                DMA_IRQHandler
                0x000000000000025e                PIN_INT3_IRQHandler
                0x000000000000025e                ACMP1_IRQHandler
                0x000000000000025e                ADC0A_IRQHandler
                0x000000000000025e                FMC_IRQHandler
                0x000000000000025e                GINT1_IRQHandler
                0x000000000000025e                SCT0_IRQHandler
                0x000000000000025e                ADC0_THCMP_IRQHandler
                0x000000000000025e                RIT_IRQHandler
                0x000000000000025e                I2C0_IRQHandler
                0x000000000000025e                ADC0_OVR_IRQHandler
                0x000000000000025e                ADC1_THCMP_IRQHandler
                0x000000000000025e                SCT2_IRQHandler
                0x000000000000025e                MRT_IRQHandler
                0x000000000000025e                UART1_IRQHandler
                0x000000000000025e                RTC_WAKE_IRQHandler
                0x000000000000025e                UART0_IRQHandler
                0x000000000000025e                SPI1_IRQHandler
 *(.text*)
 .text.NVIC_SetPriority
                0x0000000000000264       0x5c ./src/Exercise01.o
 .text.SysTick_Config
                0x00000000000002c0       0x44 ./src/Exercise01.o
 .text.Chip_Clock_SetSysTickClockDiv
                0x0000000000000304       0x20 ./src/Exercise01.o
 .text.Chip_IOCON_PinMuxSet
                0x0000000000000324       0x2c ./src/Exercise01.o
 .text.Chip_GPIO_GetPinState
                0x0000000000000350       0x34 ./src/Exercise01.o
 .text.Chip_GPIO_SetPinDIRInput
                0x0000000000000384       0x3e ./src/Exercise01.o
 .text._ZStanSt12memory_orderSt23__memory_order_modifier
                0x00000000000003c2       0x24 ./src/Exercise01.o
                0x00000000000003c2                std::operator&(std::memory_order, std::__memory_order_modifier)
 *fill*         0x00000000000003e6        0x2 ff
 .text.SysTick_Handler
                0x00000000000003e8       0x2c ./src/Exercise01.o
                0x00000000000003e8                SysTick_Handler
 .text._Z5Sleepi
                0x0000000000000414       0x38 ./src/Exercise01.o
                0x0000000000000414                Sleep(int)
 .text._Z7pressedv
                0x000000000000044c       0x70 ./src/Exercise01.o
                0x000000000000044c                pressed()
 .text.main     0x00000000000004bc       0xa8 ./src/Exercise01.o
                0x00000000000004bc                main
 .text._ZNVKSt13__atomic_baseIiEcviEv
                0x0000000000000564       0x36 ./src/Exercise01.o
                0x0000000000000564                std::__atomic_base<int>::operator int() const volatile
 .text._ZNVSt13__atomic_baseIiEmmEi
                0x000000000000059a       0x42 ./src/Exercise01.o
                0x000000000000059a                std::__atomic_base<int>::operator--(int) volatile
 .text._ZNVSt13__atomic_baseIiEaSEi
                0x00000000000005dc       0x3e ./src/Exercise01.o
                0x00000000000005dc                std::__atomic_base<int>::operator=(int) volatile
 .text._Z41__static_initialization_and_destruction_0ii
                0x000000000000061a       0x14 ./src/Exercise01.o
 .text._GLOBAL__sub_I_SysTick_Handler
                0x000000000000062e       0x10 ./src/Exercise01.o
 .text.SystemInit
                0x000000000000063e        0xc ./src/sysinit.o
                0x000000000000063e                SystemInit
 .text.Chip_IOCON_PinMuxSet
                0x000000000000064a       0x2c /Users/visa/Documents/MCUXpressoIDE_11.1.0/workspace/lpc_board_nxp_lpcxpresso_1549/Debug/liblpc_board_nxp_lpcxpresso_1549.a(board.o)
 .text.Chip_SWM_MovablePortPinAssign
                0x0000000000000676       0x30 /Users/visa/Documents/MCUXpressoIDE_11.1.0/workspace/lpc_board_nxp_lpcxpresso_1549/Debug/liblpc_board_nxp_lpcxpresso_1549.a(board.o)
 .text.Chip_GPIO_SetPinState
                0x00000000000006a6       0x36 /Users/visa/Documents/MCUXpressoIDE_11.1.0/workspace/lpc_board_nxp_lpcxpresso_1549/Debug/liblpc_board_nxp_lpcxpresso_1549.a(board.o)
 .text.Chip_GPIO_SetPinDIROutput
                0x00000000000006dc       0x3c /Users/visa/Documents/MCUXpressoIDE_11.1.0/workspace/lpc_board_nxp_lpcxpresso_1549/Debug/liblpc_board_nxp_lpcxpresso_1549.a(board.o)
 .text.Chip_UART_Enable
                0x0000000000000718       0x1e /Users/visa/Documents/MCUXpressoIDE_11.1.0/workspace/lpc_board_nxp_lpcxpresso_1549/Debug/liblpc_board_nxp_lpcxpresso_1549.a(board.o)
 .text.Chip_UART_TXEnable
                0x0000000000000736       0x1e /Users/visa/Documents/MCUXpressoIDE_11.1.0/workspace/lpc_board_nxp_lpcxpresso_1549/Debug/liblpc_board_nxp_lpcxpresso_1549.a(board.o)
 .text.Chip_UART_ConfigData
                0x0000000000000754       0x28 /Users/visa/Documents/MCUXpressoIDE_11.1.0/workspace/lpc_board_nxp_lpcxpresso_1549/Debug/liblpc_board_nxp_lpcxpresso_1549.a(board.o)
 .text.Board_Debug_Init
                0x000000000000077c       0x70 /Users/visa/Documents/MCUXpressoIDE_11.1.0/workspace/lpc_board_nxp_lpcxpresso_1549/Debug/liblpc_board_nxp_lpcxpresso_1549.a(board.o)
                0x000000000000077c                Board_Debug_Init
 .text.Board_LED_Init
                0x00000000000007ec       0x5c /Users/visa/Documents/MCUXpressoIDE_11.1.0/workspace/lpc_board_nxp_lpcxpresso_1549/Debug/liblpc_board_nxp_lpcxpresso_1549.a(board.o)
 .text.Board_LED_Set
                0x0000000000000848       0x54 /Users/visa/Documents/MCUXpressoIDE_11.1.0/workspace/lpc_board_nxp_lpcxpresso_1549/Debug/liblpc_board_nxp_lpcxpresso_1549.a(board.o)
                0x0000000000000848                Board_LED_Set
 .text.Board_Init
                0x000000000000089c       0x18 /Users/visa/Documents/MCUXpressoIDE_11.1.0/workspace/lpc_board_nxp_lpcxpresso_1549/Debug/liblpc_board_nxp_lpcxpresso_1549.a(board.o)
                0x000000000000089c                Board_Init
 .text.Chip_SYSCTL_PeriphReset
                0x00000000000008b4       0x22 /Users/visa/Documents/MCUXpressoIDE_11.1.0/workspace/lpc_board_nxp_lpcxpresso_1549/Debug/liblpc_board_nxp_lpcxpresso_1549.a(board_sysinit.o)
 *fill*         0x00000000000008d6        0x2 ff
 .text.Chip_Clock_SetUSBPLLSource
                0x00000000000008d8       0x20 /Users/visa/Documents/MCUXpressoIDE_11.1.0/workspace/lpc_board_nxp_lpcxpresso_1549/Debug/liblpc_board_nxp_lpcxpresso_1549.a(board_sysinit.o)
 .text.Chip_Clock_SetupUSBPLL
                0x00000000000008f8       0x34 /Users/visa/Documents/MCUXpressoIDE_11.1.0/workspace/lpc_board_nxp_lpcxpresso_1549/Debug/liblpc_board_nxp_lpcxpresso_1549.a(board_sysinit.o)
 .text.Chip_Clock_IsUSBPLLLocked
                0x000000000000092c       0x24 /Users/visa/Documents/MCUXpressoIDE_11.1.0/workspace/lpc_board_nxp_lpcxpresso_1549/Debug/liblpc_board_nxp_lpcxpresso_1549.a(board_sysinit.o)
 .text.Chip_Clock_SetSysTickClockDiv
                0x0000000000000950       0x20 /Users/visa/Documents/MCUXpressoIDE_11.1.0/workspace/lpc_board_nxp_lpcxpresso_1549/Debug/liblpc_board_nxp_lpcxpresso_1549.a(board_sysinit.o)
 .text.Chip_SWM_MovablePortPinAssign
                0x0000000000000970       0x30 /Users/visa/Documents/MCUXpressoIDE_11.1.0/workspace/lpc_board_nxp_lpcxpresso_1549/Debug/liblpc_board_nxp_lpcxpresso_1549.a(board_sysinit.o)
 .text.Board_SetupMuxing
                0x00000000000009a0       0x80 /Users/visa/Documents/MCUXpressoIDE_11.1.0/workspace/lpc_board_nxp_lpcxpresso_1549/Debug/liblpc_board_nxp_lpcxpresso_1549.a(board_sysinit.o)
                0x00000000000009a0                Board_SetupMuxing
 .text.Board_SetupClocking
                0x0000000000000a20       0x3a /Users/visa/Documents/MCUXpressoIDE_11.1.0/workspace/lpc_board_nxp_lpcxpresso_1549/Debug/liblpc_board_nxp_lpcxpresso_1549.a(board_sysinit.o)
                0x0000000000000a20                Board_SetupClocking
 *fill*         0x0000000000000a5a        0x2 ff
 .text.Board_SystemInit
                0x0000000000000a5c       0x1c /Users/visa/Documents/MCUXpressoIDE_11.1.0/workspace/lpc_board_nxp_lpcxpresso_1549/Debug/liblpc_board_nxp_lpcxpresso_1549.a(board_sysinit.o)
                0x0000000000000a5c                Board_SystemInit
 .text.SystemCoreClockUpdate
                0x0000000000000a78       0x18 /Users/visa/Documents/MCUXpressoIDE_11.1.0/workspace/lpc_chip_15xx/Debug/liblpc_chip_15xx.a(chip_15xx.o)
                0x0000000000000a78                SystemCoreClockUpdate
 .text.Chip_Clock_SetMain_A_ClockSource
                0x0000000000000a90       0x20 /Users/visa/Documents/MCUXpressoIDE_11.1.0/workspace/lpc_chip_15xx/Debug/liblpc_chip_15xx.a(clock_15xx.o)
 .text.Chip_Clock_GetMain_A_ClockSource
                0x0000000000000ab0       0x18 /Users/visa/Documents/MCUXpressoIDE_11.1.0/workspace/lpc_chip_15xx/Debug/liblpc_chip_15xx.a(clock_15xx.o)
 .text.Chip_Clock_SetMain_B_ClockSource
                0x0000000000000ac8       0x20 /Users/visa/Documents/MCUXpressoIDE_11.1.0/workspace/lpc_chip_15xx/Debug/liblpc_chip_15xx.a(clock_15xx.o)
 .text.Chip_Clock_GetMain_B_ClockSource
                0x0000000000000ae8       0x18 /Users/visa/Documents/MCUXpressoIDE_11.1.0/workspace/lpc_chip_15xx/Debug/liblpc_chip_15xx.a(clock_15xx.o)
 .text.Chip_Clock_GetSysTickClockDiv
                0x0000000000000b00       0x18 /Users/visa/Documents/MCUXpressoIDE_11.1.0/workspace/lpc_chip_15xx/Debug/liblpc_chip_15xx.a(clock_15xx.o)
 .text.Chip_Clock_SetUARTFRGDivider
                0x0000000000000b18       0x20 /Users/visa/Documents/MCUXpressoIDE_11.1.0/workspace/lpc_chip_15xx/Debug/liblpc_chip_15xx.a(clock_15xx.o)
 .text.Chip_Clock_GetUARTFRGDivider
                0x0000000000000b38       0x18 /Users/visa/Documents/MCUXpressoIDE_11.1.0/workspace/lpc_chip_15xx/Debug/liblpc_chip_15xx.a(clock_15xx.o)
 .text.Chip_Clock_GetMainOscRate
                0x0000000000000b50       0x14 /Users/visa/Documents/MCUXpressoIDE_11.1.0/workspace/lpc_chip_15xx/Debug/liblpc_chip_15xx.a(clock_15xx.o)
 .text.Chip_Clock_GetIntOscRate
                0x0000000000000b64       0x14 /Users/visa/Documents/MCUXpressoIDE_11.1.0/workspace/lpc_chip_15xx/Debug/liblpc_chip_15xx.a(clock_15xx.o)
 .text.Chip_Clock_GetRTCOscRate
                0x0000000000000b78       0x14 /Users/visa/Documents/MCUXpressoIDE_11.1.0/workspace/lpc_chip_15xx/Debug/liblpc_chip_15xx.a(clock_15xx.o)
 .text.Chip_Clock_GetWDTOSCRate
                0x0000000000000b8c       0x14 /Users/visa/Documents/MCUXpressoIDE_11.1.0/workspace/lpc_chip_15xx/Debug/liblpc_chip_15xx.a(clock_15xx.o)
 .text.Chip_Clock_GetPLLFreq
                0x0000000000000ba0       0x26 /Users/visa/Documents/MCUXpressoIDE_11.1.0/workspace/lpc_chip_15xx/Debug/liblpc_chip_15xx.a(clock_15xx.o)
 .text.Chip_Clock_GetPLLInClockRate
                0x0000000000000bc6       0x38 /Users/visa/Documents/MCUXpressoIDE_11.1.0/workspace/lpc_chip_15xx/Debug/liblpc_chip_15xx.a(clock_15xx.o)
 *fill*         0x0000000000000bfe        0x2 ff
 .text.Chip_Clock_GetSystemPLLInClockRate
                0x0000000000000c00       0x1c /Users/visa/Documents/MCUXpressoIDE_11.1.0/workspace/lpc_chip_15xx/Debug/liblpc_chip_15xx.a(clock_15xx.o)
                0x0000000000000c00                Chip_Clock_GetSystemPLLInClockRate
 .text.Chip_Clock_GetSystemPLLOutClockRate
                0x0000000000000c1c       0x24 /Users/visa/Documents/MCUXpressoIDE_11.1.0/workspace/lpc_chip_15xx/Debug/liblpc_chip_15xx.a(clock_15xx.o)
                0x0000000000000c1c                Chip_Clock_GetSystemPLLOutClockRate
 .text.Chip_Clock_GetMain_A_ClockRate
                0x0000000000000c40       0x44 /Users/visa/Documents/MCUXpressoIDE_11.1.0/workspace/lpc_chip_15xx/Debug/liblpc_chip_15xx.a(clock_15xx.o)
                0x0000000000000c40                Chip_Clock_GetMain_A_ClockRate
 .text.Chip_Clock_GetMain_B_ClockRate
                0x0000000000000c84       0x58 /Users/visa/Documents/MCUXpressoIDE_11.1.0/workspace/lpc_chip_15xx/Debug/liblpc_chip_15xx.a(clock_15xx.o)
                0x0000000000000c84                Chip_Clock_GetMain_B_ClockRate
 .text.Chip_Clock_SetMainClockSource
                0x0000000000000cdc       0x3c /Users/visa/Documents/MCUXpressoIDE_11.1.0/workspace/lpc_chip_15xx/Debug/liblpc_chip_15xx.a(clock_15xx.o)
                0x0000000000000cdc                Chip_Clock_SetMainClockSource
 .text.Chip_Clock_GetMainClockRate
                0x0000000000000d18       0x28 /Users/visa/Documents/MCUXpressoIDE_11.1.0/workspace/lpc_chip_15xx/Debug/liblpc_chip_15xx.a(clock_15xx.o)
                0x0000000000000d18                Chip_Clock_GetMainClockRate
 .text.Chip_Clock_EnablePeriphClock
                0x0000000000000d40       0x58 /Users/visa/Documents/MCUXpressoIDE_11.1.0/workspace/lpc_chip_15xx/Debug/liblpc_chip_15xx.a(clock_15xx.o)
                0x0000000000000d40                Chip_Clock_EnablePeriphClock
 .text.Chip_Clock_GetSysTickClockRate
                0x0000000000000d98       0x30 /Users/visa/Documents/MCUXpressoIDE_11.1.0/workspace/lpc_chip_15xx/Debug/liblpc_chip_15xx.a(clock_15xx.o)
                0x0000000000000d98                Chip_Clock_GetSysTickClockRate
 .text.Chip_Clock_GetUARTBaseClockRate
                0x0000000000000dc8       0x8c /Users/visa/Documents/MCUXpressoIDE_11.1.0/workspace/lpc_chip_15xx/Debug/liblpc_chip_15xx.a(clock_15xx.o)
                0x0000000000000dc8                Chip_Clock_GetUARTBaseClockRate
 .text.Chip_Clock_SetUARTBaseClockRate
                0x0000000000000e54       0xa4 /Users/visa/Documents/MCUXpressoIDE_11.1.0/workspace/lpc_chip_15xx/Debug/liblpc_chip_15xx.a(clock_15xx.o)
                0x0000000000000e54                Chip_Clock_SetUARTBaseClockRate
 .text.Chip_Clock_GetSystemClockRate
                0x0000000000000ef8       0x1c /Users/visa/Documents/MCUXpressoIDE_11.1.0/workspace/lpc_chip_15xx/Debug/liblpc_chip_15xx.a(clock_15xx.o)
                0x0000000000000ef8                Chip_Clock_GetSystemClockRate
 .text.Chip_SYSCTL_PeriphReset
                0x0000000000000f14       0x22 /Users/visa/Documents/MCUXpressoIDE_11.1.0/workspace/lpc_chip_15xx/Debug/liblpc_chip_15xx.a(gpio_15xx.o)
 .text.Chip_GPIO_Init
                0x0000000000000f36       0x2e /Users/visa/Documents/MCUXpressoIDE_11.1.0/workspace/lpc_chip_15xx/Debug/liblpc_chip_15xx.a(gpio_15xx.o)
                0x0000000000000f36                Chip_GPIO_Init
 .text.Chip_IOCON_PinMuxSet
                0x0000000000000f64       0x2c /Users/visa/Documents/MCUXpressoIDE_11.1.0/workspace/lpc_chip_15xx/Debug/liblpc_chip_15xx.a(iocon_15xx.o)
 .text.Chip_IOCON_SetPinMuxing
                0x0000000000000f90       0x4e /Users/visa/Documents/MCUXpressoIDE_11.1.0/workspace/lpc_chip_15xx/Debug/liblpc_chip_15xx.a(iocon_15xx.o)
                0x0000000000000f90                Chip_IOCON_SetPinMuxing
 *fill*         0x0000000000000fde        0x2 ff
 .text.Chip_SWM_MovablePinAssign
                0x0000000000000fe0       0x5c /Users/visa/Documents/MCUXpressoIDE_11.1.0/workspace/lpc_chip_15xx/Debug/liblpc_chip_15xx.a(swm_15xx.o)
                0x0000000000000fe0                Chip_SWM_MovablePinAssign
 .text.Chip_SYSCTL_AssertPeriphReset
                0x000000000000103c       0x4c /Users/visa/Documents/MCUXpressoIDE_11.1.0/workspace/lpc_chip_15xx/Debug/liblpc_chip_15xx.a(sysctl_15xx.o)
                0x000000000000103c                Chip_SYSCTL_AssertPeriphReset
 .text.Chip_SYSCTL_DeassertPeriphReset
                0x0000000000001088       0x50 /Users/visa/Documents/MCUXpressoIDE_11.1.0/workspace/lpc_chip_15xx/Debug/liblpc_chip_15xx.a(sysctl_15xx.o)
                0x0000000000001088                Chip_SYSCTL_DeassertPeriphReset
 .text.Chip_SYSCTL_PowerDown
                0x00000000000010d8       0x40 /Users/visa/Documents/MCUXpressoIDE_11.1.0/workspace/lpc_chip_15xx/Debug/liblpc_chip_15xx.a(sysctl_15xx.o)
                0x00000000000010d8                Chip_SYSCTL_PowerDown
 .text.Chip_SYSCTL_PowerUp
                0x0000000000001118       0x40 /Users/visa/Documents/MCUXpressoIDE_11.1.0/workspace/lpc_chip_15xx/Debug/liblpc_chip_15xx.a(sysctl_15xx.o)
                0x0000000000001118                Chip_SYSCTL_PowerUp
 .text.Chip_FMC_SetFLASHAccess
                0x0000000000001158       0x38 /Users/visa/Documents/MCUXpressoIDE_11.1.0/workspace/lpc_chip_15xx/Debug/liblpc_chip_15xx.a(sysinit_15xx.o)
 .text.Chip_Clock_SetSystemPLLSource
                0x0000000000001190       0x20 /Users/visa/Documents/MCUXpressoIDE_11.1.0/workspace/lpc_chip_15xx/Debug/liblpc_chip_15xx.a(sysinit_15xx.o)
 .text.Chip_Clock_SetupSystemPLL
                0x00000000000011b0       0x34 /Users/visa/Documents/MCUXpressoIDE_11.1.0/workspace/lpc_chip_15xx/Debug/liblpc_chip_15xx.a(sysinit_15xx.o)
 .text.Chip_Clock_IsSystemPLLLocked
                0x00000000000011e4       0x24 /Users/visa/Documents/MCUXpressoIDE_11.1.0/workspace/lpc_chip_15xx/Debug/liblpc_chip_15xx.a(sysinit_15xx.o)
 .text.Chip_Clock_SetSysClockDiv
                0x0000000000001208       0x20 /Users/visa/Documents/MCUXpressoIDE_11.1.0/workspace/lpc_chip_15xx/Debug/liblpc_chip_15xx.a(sysinit_15xx.o)
 .text.Chip_SetupXtalClocking
                0x0000000000001228       0x6c /Users/visa/Documents/MCUXpressoIDE_11.1.0/workspace/lpc_chip_15xx/Debug/liblpc_chip_15xx.a(sysinit_15xx.o)
                0x0000000000001228                Chip_SetupXtalClocking
 .text.Chip_SYSCTL_PeriphReset
                0x0000000000001294       0x22 /Users/visa/Documents/MCUXpressoIDE_11.1.0/workspace/lpc_chip_15xx/Debug/liblpc_chip_15xx.a(uart_15xx.o)
 *fill*         0x00000000000012b6        0x2 ff
 .text.getUARTClockID
                0x00000000000012b8       0x34 /Users/visa/Documents/MCUXpressoIDE_11.1.0/workspace/lpc_chip_15xx/Debug/liblpc_chip_15xx.a(uart_15xx.o)
 .text.Chip_UART_Init
                0x00000000000012ec       0x4c /Users/visa/Documents/MCUXpressoIDE_11.1.0/workspace/lpc_chip_15xx/Debug/liblpc_chip_15xx.a(uart_15xx.o)
                0x00000000000012ec                Chip_UART_Init
 .text.Chip_UART_SetBaud
                0x0000000000001338       0x2a /Users/visa/Documents/MCUXpressoIDE_11.1.0/workspace/lpc_chip_15xx/Debug/liblpc_chip_15xx.a(uart_15xx.o)
                0x0000000000001338                Chip_UART_SetBaud
 *fill*         0x0000000000001362        0x2 ff
 .text          0x0000000000001364       0x30 /Applications/MCUXpressoIDE_11.1.0_3209/ide/plugins/com.nxp.mcuxpresso.tools.macosx_11.1.0.201909161352/tools/bin/../lib/gcc/arm-none-eabi/8.3.1/thumb/v7-m/nofp/libgcc.a(_aeabi_uldivmod.o)
                0x0000000000001364                __aeabi_uldivmod
 .text          0x0000000000001394      0x2d0 /Applications/MCUXpressoIDE_11.1.0_3209/ide/plugins/com.nxp.mcuxpresso.tools.macosx_11.1.0.201909161352/tools/bin/../lib/gcc/arm-none-eabi/8.3.1/thumb/v7-m/nofp/libgcc.a(_udivmoddi4.o)
                0x0000000000001394                __udivmoddi4
 .text          0x0000000000001664        0x4 /Applications/MCUXpressoIDE_11.1.0_3209/ide/plugins/com.nxp.mcuxpresso.tools.macosx_11.1.0.201909161352/tools/bin/../lib/gcc/arm-none-eabi/8.3.1/thumb/v7-m/nofp/libgcc.a(_dvmd_tls.o)
                0x0000000000001664                __aeabi_ldiv0
                0x0000000000001664                __aeabi_idiv0
 .text.__libc_init_array
                0x0000000000001668       0x48 /Applications/MCUXpressoIDE_11.1.0_3209/ide/plugins/com.nxp.mcuxpresso.tools.macosx_11.1.0.201909161352/tools/bin/../lib/gcc/arm-none-eabi/8.3.1/../../../../arm-none-eabi/lib/thumb/v7-m/nofp/libc.a(lib_a-init.o)
                0x0000000000001668                __libc_init_array
 .text          0x00000000000016b0       0x40 /Applications/MCUXpressoIDE_11.1.0_3209/ide/plugins/com.nxp.mcuxpresso.tools.macosx_11.1.0.201909161352/tools/bin/../lib/gcc/arm-none-eabi/8.3.1/thumb/v7-m/nofp/crtbegin.o
 *(.rodata .rodata.* .constdata .constdata.*)
 .rodata.OscRateIn
                0x00000000000016f0        0x4 /Users/visa/Documents/MCUXpressoIDE_11.1.0/workspace/lpc_board_nxp_lpcxpresso_1549/Debug/liblpc_board_nxp_lpcxpresso_1549.a(board.o)
                0x00000000000016f0                OscRateIn
 .rodata.RTCOscRateIn
                0x00000000000016f4        0x4 /Users/visa/Documents/MCUXpressoIDE_11.1.0/workspace/lpc_board_nxp_lpcxpresso_1549/Debug/liblpc_board_nxp_lpcxpresso_1549.a(board.o)
                0x00000000000016f4                RTCOscRateIn
 .rodata.ledpins
                0x00000000000016f8        0x3 /Users/visa/Documents/MCUXpressoIDE_11.1.0/workspace/lpc_board_nxp_lpcxpresso_1549/Debug/liblpc_board_nxp_lpcxpresso_1549.a(board.o)
 *fill*         0x00000000000016fb        0x1 ff
 .rodata.ledports
                0x00000000000016fc        0x3 /Users/visa/Documents/MCUXpressoIDE_11.1.0/workspace/lpc_board_nxp_lpcxpresso_1549/Debug/liblpc_board_nxp_lpcxpresso_1549.a(board.o)
 *fill*         0x00000000000016ff        0x1 ff
 .rodata.ioconSetup
                0x0000000000001700       0x74 /Users/visa/Documents/MCUXpressoIDE_11.1.0/workspace/lpc_board_nxp_lpcxpresso_1549/Debug/liblpc_board_nxp_lpcxpresso_1549.a(board_sysinit.o)
 .rodata.swmSetup
                0x0000000000001774        0x6 /Users/visa/Documents/MCUXpressoIDE_11.1.0/workspace/lpc_board_nxp_lpcxpresso_1549/Debug/liblpc_board_nxp_lpcxpresso_1549.a(board_sysinit.o)
                0x000000000000177c                . = ALIGN (0x4)
 *fill*         0x000000000000177a        0x2 ff
                0x000000000000177c                . = ALIGN (0x4)
 *(.init)
 .init          0x000000000000177c        0x4 /Applications/MCUXpressoIDE_11.1.0_3209/ide/plugins/com.nxp.mcuxpresso.tools.macosx_11.1.0.201909161352/tools/bin/../lib/gcc/arm-none-eabi/8.3.1/thumb/v7-m/nofp/crti.o
                0x000000000000177c                _init
 .init          0x0000000000001780        0x8 /Applications/MCUXpressoIDE_11.1.0_3209/ide/plugins/com.nxp.mcuxpresso.tools.macosx_11.1.0.201909161352/tools/bin/../lib/gcc/arm-none-eabi/8.3.1/thumb/v7-m/nofp/crtn.o
                0x0000000000001788                . = ALIGN (0x4)
                0x0000000000001788                __preinit_array_start = .
 *(.preinit_array)
                0x0000000000001788                __preinit_array_end = .
                0x0000000000001788                . = ALIGN (0x4)
                0x0000000000001788                __init_array_start = .
 *(SORT_BY_NAME(.init_array.*))
 *(.init_array)
 .init_array    0x0000000000001788        0x4 ./src/Exercise01.o
 .init_array    0x000000000000178c        0x4 /Applications/MCUXpressoIDE_11.1.0_3209/ide/plugins/com.nxp.mcuxpresso.tools.macosx_11.1.0.201909161352/tools/bin/../lib/gcc/arm-none-eabi/8.3.1/thumb/v7-m/nofp/crtbegin.o
                0x0000000000001790                __init_array_end = .
 *(.fini)
 .fini          0x0000000000001790        0x4 /Applications/MCUXpressoIDE_11.1.0_3209/ide/plugins/com.nxp.mcuxpresso.tools.macosx_11.1.0.201909161352/tools/bin/../lib/gcc/arm-none-eabi/8.3.1/thumb/v7-m/nofp/crti.o
                0x0000000000001790                _fini
 .fini          0x0000000000001794        0x8 /Applications/MCUXpressoIDE_11.1.0_3209/ide/plugins/com.nxp.mcuxpresso.tools.macosx_11.1.0.201909161352/tools/bin/../lib/gcc/arm-none-eabi/8.3.1/thumb/v7-m/nofp/crtn.o
                0x000000000000179c                . = ALIGN (0x4)
 *crtbegin.o(.ctors)
 *(EXCLUDE_FILE(*crtend.o) .ctors)
 *(SORT_BY_NAME(.ctors.*))
 *crtend.o(.ctors)
                0x000000000000179c                . = ALIGN (0x4)
 *crtbegin.o(.dtors)
 *(EXCLUDE_FILE(*crtend.o) .dtors)
 *(SORT_BY_NAME(.dtors.*))
 *crtend.o(.dtors)
                0x000000000000179c                . = ALIGN (0x4)

.glue_7         0x000000000000179c        0x0
 .glue_7        0x000000000000179c        0x0 linker stubs

.glue_7t        0x000000000000179c        0x0
 .glue_7t       0x000000000000179c        0x0 linker stubs

.vfp11_veneer   0x000000000000179c        0x0
 .vfp11_veneer  0x000000000000179c        0x0 linker stubs

.v4_bx          0x000000000000179c        0x0
 .v4_bx         0x000000000000179c        0x0 linker stubs

.iplt           0x000000000000179c        0x0
 .iplt          0x000000000000179c        0x0 ./src/Exercise01.o

.ARM.extab
 *(.ARM.extab* .gnu.linkonce.armextab.*)
                0x000000000000179c                __exidx_start = .

.ARM.exidx      0x000000000000179c        0x8
 *(.ARM.exidx* .gnu.linkonce.armexidx.*)
 .ARM.exidx     0x000000000000179c        0x8 /Applications/MCUXpressoIDE_11.1.0_3209/ide/plugins/com.nxp.mcuxpresso.tools.macosx_11.1.0.201909161352/tools/bin/../lib/gcc/arm-none-eabi/8.3.1/thumb/v7-m/nofp/libgcc.a(_udivmoddi4.o)
                0x00000000000017a4                __exidx_end = .
                0x00000000000017a4                _etext = .

.rel.dyn        0x00000000000017a4        0x0
 .rel.iplt      0x00000000000017a4        0x0 ./src/Exercise01.o

.eh_frame       0x00000000000017a4        0x0
 .eh_frame      0x00000000000017a4        0x0 /Applications/MCUXpressoIDE_11.1.0_3209/ide/plugins/com.nxp.mcuxpresso.tools.macosx_11.1.0.201909161352/tools/bin/../lib/gcc/arm-none-eabi/8.3.1/thumb/v7-m/nofp/crtbegin.o

.data_RAM2      0x0000000002008000        0x0 load address 0x00000000000017a4
 FILL mask 0xff
                [!provide]                        PROVIDE (__start_data_RAM2 = .)
                [!provide]                        PROVIDE (__start_data_Ram2_4 = .)
 *(.ramfunc.$RAM2)
 *(.ramfunc.$Ram2_4)
 *(.data.$RAM2)
 *(.data.$Ram2_4)
 *(.data.$RAM2.*)
 *(.data.$Ram2_4.*)
                0x0000000002008000                . = ALIGN (0x4)
                [!provide]                        PROVIDE (__end_data_RAM2 = .)
                [!provide]                        PROVIDE (__end_data_Ram2_4 = .)

.uninit_RESERVED
                0x0000000002000000        0x0
                0x0000000002000000                _start_uninit_RESERVED = .
 *(.bss.$RESERVED*)
                0x0000000002000000                . = ALIGN (0x4)
                0x0000000002000000                _end_uninit_RESERVED = .

.data           0x0000000002000000        0x0 load address 0x00000000000017a4
 FILL mask 0xff
                0x0000000002000000                _data = .
                [!provide]                        PROVIDE (__start_data_RAM = .)
                [!provide]                        PROVIDE (__start_data_Ram0_16_32 = .)
 *(vtable)
 *(.ramfunc*)
 *(CodeQuickAccess)
 *(DataQuickAccess)
 *(RamFunction)
 *(.data*)
                0x0000000002000000                . = ALIGN (0x4)
                0x0000000002000000                _edata = .
                [!provide]                        PROVIDE (__end_data_RAM = .)
                [!provide]                        PROVIDE (__end_data_Ram0_16_32 = .)

.igot.plt       0x0000000002000000        0x0 load address 0x00000000000017a4
 .igot.plt      0x0000000002000000        0x0 ./src/Exercise01.o

.bss_RAM2       0x0000000002008000        0x0
                [!provide]                        PROVIDE (__start_bss_RAM2 = .)
                [!provide]                        PROVIDE (__start_bss_Ram2_4 = .)
 *(.bss.$RAM2)
 *(.bss.$Ram2_4)
 *(.bss.$RAM2.*)
 *(.bss.$Ram2_4.*)
                0x0000000002008000                . = ALIGN ((. != 0x0)?0x4:0x1)
                [!provide]                        PROVIDE (__end_bss_RAM2 = .)
                [!provide]                        PROVIDE (__end_bss_Ram2_4 = .)

.bss            0x0000000002000000       0x28
                0x0000000002000000                _bss = .
                [!provide]                        PROVIDE (__start_bss_RAM = .)
                [!provide]                        PROVIDE (__start_bss_Ram0_16_32 = .)
 *(.bss*)
 .bss._ZL7counter
                0x0000000002000000        0x4 ./src/Exercise01.o
 .bss._ZZ4mainE1i
                0x0000000002000004        0x4 ./src/Exercise01.o
 .bss           0x0000000002000008       0x1c /Applications/MCUXpressoIDE_11.1.0_3209/ide/plugins/com.nxp.mcuxpresso.tools.macosx_11.1.0.201909161352/tools/bin/../lib/gcc/arm-none-eabi/8.3.1/thumb/v7-m/nofp/crtbegin.o
 *(COMMON)
 COMMON         0x0000000002000024        0x4 /Users/visa/Documents/MCUXpressoIDE_11.1.0/workspace/lpc_chip_15xx/Debug/liblpc_chip_15xx.a(chip_15xx.o)
                0x0000000002000024                SystemCoreClock
                0x0000000002000028                . = ALIGN (0x4)
                0x0000000002000028                _ebss = .
                [!provide]                        PROVIDE (__end_bss_RAM = .)
                [!provide]                        PROVIDE (__end_bss_Ram0_16_32 = .)
                [!provide]                        PROVIDE (end = .)

.noinit_RAM2    0x0000000002008000        0x0
                [!provide]                        PROVIDE (__start_noinit_RAM2 = .)
                [!provide]                        PROVIDE (__start_noinit_Ram2_4 = .)
 *(.noinit.$RAM2)
 *(.noinit.$Ram2_4)
 *(.noinit.$RAM2.*)
 *(.noinit.$Ram2_4.*)
                0x0000000002008000                . = ALIGN (0x4)
                [!provide]                        PROVIDE (__end_noinit_RAM2 = .)
                [!provide]                        PROVIDE (__end_noinit_Ram2_4 = .)

.noinit         0x0000000002000028        0x0
                0x0000000002000028                _noinit = .
                [!provide]                        PROVIDE (__start_noinit_RAM = .)
                [!provide]                        PROVIDE (__start_noinit_Ram0_16_32 = .)
 *(.noinit*)
                0x0000000002000028                . = ALIGN (0x4)
                0x0000000002000028                _end_noinit = .
                [!provide]                        PROVIDE (__end_noinit_RAM = .)
                [!provide]                        PROVIDE (__end_noinit_Ram0_16_32 = .)
                0x0000000002000028                PROVIDE (_pvHeapStart = DEFINED (__user_heap_base)?__user_heap_base:.)
                0x0000000002008000                PROVIDE (_vStackTop = DEFINED (__user_stack_top)?__user_stack_top:(__top_Ram0_16_32 - 0x0))
                0xfffffffffdff735a                PROVIDE (__valid_user_code_checksum = (0x0 - ((((((_vStackTop + (ResetISR + 0x1)) + (NMI_Handler + 0x1)) + (HardFault_Handler + 0x1)) + (DEFINED (MemManage_Handler)?MemManage_Handler:0x0 + 0x1)) + (DEFINED (BusFault_Handler)?BusFault_Handler:0x0 + 0x1)) + (DEFINED (UsageFault_Handler)?UsageFault_Handler:0x0 + 0x1))))
                0x0000000000000000                _image_start = LOADADDR (.text)
                0x00000000000017a4                _image_end = (LOADADDR (.data) + SIZEOF (.data))
                0x00000000000017a4                _image_size = (_image_end - _image_start)
OUTPUT(Exercise01.axf elf32-littlearm)

.debug_info     0x0000000000000000     0x8f54
 .debug_info    0x0000000000000000     0x24c1 ./src/Exercise01.o
 .debug_info    0x00000000000024c1      0x2a0 ./src/cr_startup_lpc15xx.o
 .debug_info    0x0000000000002761      0x9fc ./src/sysinit.o
 .debug_info    0x000000000000315d      0xca8 /Users/visa/Documents/MCUXpressoIDE_11.1.0/workspace/lpc_board_nxp_lpcxpresso_1549/Debug/liblpc_board_nxp_lpcxpresso_1549.a(board.o)
 .debug_info    0x0000000000003e05      0xe7d /Users/visa/Documents/MCUXpressoIDE_11.1.0/workspace/lpc_board_nxp_lpcxpresso_1549/Debug/liblpc_board_nxp_lpcxpresso_1549.a(board_sysinit.o)
 .debug_info    0x0000000000004c82      0xa58 /Users/visa/Documents/MCUXpressoIDE_11.1.0/workspace/lpc_chip_15xx/Debug/liblpc_chip_15xx.a(chip_15xx.o)
 .debug_info    0x00000000000056da      0xe4e /Users/visa/Documents/MCUXpressoIDE_11.1.0/workspace/lpc_chip_15xx/Debug/liblpc_chip_15xx.a(clock_15xx.o)
 .debug_info    0x0000000000006528      0x6e5 /Users/visa/Documents/MCUXpressoIDE_11.1.0/workspace/lpc_chip_15xx/Debug/liblpc_chip_15xx.a(gpio_15xx.o)
 .debug_info    0x0000000000006c0d      0x2b0 /Users/visa/Documents/MCUXpressoIDE_11.1.0/workspace/lpc_chip_15xx/Debug/liblpc_chip_15xx.a(iocon_15xx.o)
 .debug_info    0x0000000000006ebd      0x6af /Users/visa/Documents/MCUXpressoIDE_11.1.0/workspace/lpc_chip_15xx/Debug/liblpc_chip_15xx.a(swm_15xx.o)
 .debug_info    0x000000000000756c      0x816 /Users/visa/Documents/MCUXpressoIDE_11.1.0/workspace/lpc_chip_15xx/Debug/liblpc_chip_15xx.a(sysctl_15xx.o)
 .debug_info    0x0000000000007d82      0x7f0 /Users/visa/Documents/MCUXpressoIDE_11.1.0/workspace/lpc_chip_15xx/Debug/liblpc_chip_15xx.a(sysinit_15xx.o)
 .debug_info    0x0000000000008572      0x9e2 /Users/visa/Documents/MCUXpressoIDE_11.1.0/workspace/lpc_chip_15xx/Debug/liblpc_chip_15xx.a(uart_15xx.o)

.debug_abbrev   0x0000000000000000     0x1d73
 .debug_abbrev  0x0000000000000000      0x653 ./src/Exercise01.o
 .debug_abbrev  0x0000000000000653      0x11a ./src/cr_startup_lpc15xx.o
 .debug_abbrev  0x000000000000076d      0x1d9 ./src/sysinit.o
 .debug_abbrev  0x0000000000000946      0x26e /Users/visa/Documents/MCUXpressoIDE_11.1.0/workspace/lpc_board_nxp_lpcxpresso_1549/Debug/liblpc_board_nxp_lpcxpresso_1549.a(board.o)
 .debug_abbrev  0x0000000000000bb4      0x27e /Users/visa/Documents/MCUXpressoIDE_11.1.0/workspace/lpc_board_nxp_lpcxpresso_1549/Debug/liblpc_board_nxp_lpcxpresso_1549.a(board_sysinit.o)
 .debug_abbrev  0x0000000000000e32      0x1ff /Users/visa/Documents/MCUXpressoIDE_11.1.0/workspace/lpc_chip_15xx/Debug/liblpc_chip_15xx.a(chip_15xx.o)
 .debug_abbrev  0x0000000000001031      0x2fd /Users/visa/Documents/MCUXpressoIDE_11.1.0/workspace/lpc_chip_15xx/Debug/liblpc_chip_15xx.a(clock_15xx.o)
 .debug_abbrev  0x000000000000132e      0x1b6 /Users/visa/Documents/MCUXpressoIDE_11.1.0/workspace/lpc_chip_15xx/Debug/liblpc_chip_15xx.a(gpio_15xx.o)
 .debug_abbrev  0x00000000000014e4      0x16c /Users/visa/Documents/MCUXpressoIDE_11.1.0/workspace/lpc_chip_15xx/Debug/liblpc_chip_15xx.a(iocon_15xx.o)
 .debug_abbrev  0x0000000000001650      0x198 /Users/visa/Documents/MCUXpressoIDE_11.1.0/workspace/lpc_chip_15xx/Debug/liblpc_chip_15xx.a(swm_15xx.o)
 .debug_abbrev  0x00000000000017e8      0x169 /Users/visa/Documents/MCUXpressoIDE_11.1.0/workspace/lpc_chip_15xx/Debug/liblpc_chip_15xx.a(sysctl_15xx.o)
 .debug_abbrev  0x0000000000001951      0x1f2 /Users/visa/Documents/MCUXpressoIDE_11.1.0/workspace/lpc_chip_15xx/Debug/liblpc_chip_15xx.a(sysinit_15xx.o)
 .debug_abbrev  0x0000000000001b43      0x230 /Users/visa/Documents/MCUXpressoIDE_11.1.0/workspace/lpc_chip_15xx/Debug/liblpc_chip_15xx.a(uart_15xx.o)

.debug_aranges  0x0000000000000000      0x628
 .debug_aranges
                0x0000000000000000       0x98 ./src/Exercise01.o
 .debug_aranges
                0x0000000000000098       0x80 ./src/cr_startup_lpc15xx.o
 .debug_aranges
                0x0000000000000118       0x20 ./src/sysinit.o
 .debug_aranges
                0x0000000000000138       0xd0 /Users/visa/Documents/MCUXpressoIDE_11.1.0/workspace/lpc_board_nxp_lpcxpresso_1549/Debug/liblpc_board_nxp_lpcxpresso_1549.a(board.o)
 .debug_aranges
                0x0000000000000208       0x60 /Users/visa/Documents/MCUXpressoIDE_11.1.0/workspace/lpc_board_nxp_lpcxpresso_1549/Debug/liblpc_board_nxp_lpcxpresso_1549.a(board_sysinit.o)
 .debug_aranges
                0x0000000000000268       0x50 /Users/visa/Documents/MCUXpressoIDE_11.1.0/workspace/lpc_chip_15xx/Debug/liblpc_chip_15xx.a(chip_15xx.o)
 .debug_aranges
                0x00000000000002b8      0x128 /Users/visa/Documents/MCUXpressoIDE_11.1.0/workspace/lpc_chip_15xx/Debug/liblpc_chip_15xx.a(clock_15xx.o)
 .debug_aranges
                0x00000000000003e0       0x70 /Users/visa/Documents/MCUXpressoIDE_11.1.0/workspace/lpc_chip_15xx/Debug/liblpc_chip_15xx.a(gpio_15xx.o)
 .debug_aranges
                0x0000000000000450       0x28 /Users/visa/Documents/MCUXpressoIDE_11.1.0/workspace/lpc_chip_15xx/Debug/liblpc_chip_15xx.a(iocon_15xx.o)
 .debug_aranges
                0x0000000000000478       0x40 /Users/visa/Documents/MCUXpressoIDE_11.1.0/workspace/lpc_chip_15xx/Debug/liblpc_chip_15xx.a(swm_15xx.o)
 .debug_aranges
                0x00000000000004b8       0x50 /Users/visa/Documents/MCUXpressoIDE_11.1.0/workspace/lpc_chip_15xx/Debug/liblpc_chip_15xx.a(sysctl_15xx.o)
 .debug_aranges
                0x0000000000000508       0x58 /Users/visa/Documents/MCUXpressoIDE_11.1.0/workspace/lpc_chip_15xx/Debug/liblpc_chip_15xx.a(sysinit_15xx.o)
 .debug_aranges
                0x0000000000000560       0xc8 /Users/visa/Documents/MCUXpressoIDE_11.1.0/workspace/lpc_chip_15xx/Debug/liblpc_chip_15xx.a(uart_15xx.o)

.debug_ranges   0x0000000000000000      0x558
 .debug_ranges  0x0000000000000000       0x88 ./src/Exercise01.o
 .debug_ranges  0x0000000000000088       0x70 ./src/cr_startup_lpc15xx.o
 .debug_ranges  0x00000000000000f8       0x10 ./src/sysinit.o
 .debug_ranges  0x0000000000000108       0xc0 /Users/visa/Documents/MCUXpressoIDE_11.1.0/workspace/lpc_board_nxp_lpcxpresso_1549/Debug/liblpc_board_nxp_lpcxpresso_1549.a(board.o)
 .debug_ranges  0x00000000000001c8       0x50 /Users/visa/Documents/MCUXpressoIDE_11.1.0/workspace/lpc_board_nxp_lpcxpresso_1549/Debug/liblpc_board_nxp_lpcxpresso_1549.a(board_sysinit.o)
 .debug_ranges  0x0000000000000218       0x40 /Users/visa/Documents/MCUXpressoIDE_11.1.0/workspace/lpc_chip_15xx/Debug/liblpc_chip_15xx.a(chip_15xx.o)
 .debug_ranges  0x0000000000000258      0x118 /Users/visa/Documents/MCUXpressoIDE_11.1.0/workspace/lpc_chip_15xx/Debug/liblpc_chip_15xx.a(clock_15xx.o)
 .debug_ranges  0x0000000000000370       0x60 /Users/visa/Documents/MCUXpressoIDE_11.1.0/workspace/lpc_chip_15xx/Debug/liblpc_chip_15xx.a(gpio_15xx.o)
 .debug_ranges  0x00000000000003d0       0x18 /Users/visa/Documents/MCUXpressoIDE_11.1.0/workspace/lpc_chip_15xx/Debug/liblpc_chip_15xx.a(iocon_15xx.o)
 .debug_ranges  0x00000000000003e8       0x30 /Users/visa/Documents/MCUXpressoIDE_11.1.0/workspace/lpc_chip_15xx/Debug/liblpc_chip_15xx.a(swm_15xx.o)
 .debug_ranges  0x0000000000000418       0x40 /Users/visa/Documents/MCUXpressoIDE_11.1.0/workspace/lpc_chip_15xx/Debug/liblpc_chip_15xx.a(sysctl_15xx.o)
 .debug_ranges  0x0000000000000458       0x48 /Users/visa/Documents/MCUXpressoIDE_11.1.0/workspace/lpc_chip_15xx/Debug/liblpc_chip_15xx.a(sysinit_15xx.o)
 .debug_ranges  0x00000000000004a0       0xb8 /Users/visa/Documents/MCUXpressoIDE_11.1.0/workspace/lpc_chip_15xx/Debug/liblpc_chip_15xx.a(uart_15xx.o)

.debug_macro    0x0000000000000000     0x850e
 .debug_macro   0x0000000000000000      0x3e5 ./src/Exercise01.o
 .debug_macro   0x00000000000003e5      0xb86 ./src/Exercise01.o
 .debug_macro   0x0000000000000f6b       0x1c ./src/Exercise01.o
 .debug_macro   0x0000000000000f87       0x22 ./src/Exercise01.o
 .debug_macro   0x0000000000000fa9       0x56 ./src/Exercise01.o
 .debug_macro   0x0000000000000fff       0x51 ./src/Exercise01.o
 .debug_macro   0x0000000000001050      0x103 ./src/Exercise01.o
 .debug_macro   0x0000000000001153       0x6a ./src/Exercise01.o
 .debug_macro   0x00000000000011bd      0x1df ./src/Exercise01.o
 .debug_macro   0x000000000000139c       0x16 ./src/Exercise01.o
 .debug_macro   0x00000000000013b2       0x7b ./src/Exercise01.o
 .debug_macro   0x000000000000142d       0x10 ./src/Exercise01.o
 .debug_macro   0x000000000000143d       0x2d ./src/Exercise01.o
 .debug_macro   0x000000000000146a       0x3a ./src/Exercise01.o
 .debug_macro   0x00000000000014a4       0x2d ./src/Exercise01.o
 .debug_macro   0x00000000000014d1      0xa7d ./src/Exercise01.o
 .debug_macro   0x0000000000001f4e      0x1b4 ./src/Exercise01.o
 .debug_macro   0x0000000000002102       0xca ./src/Exercise01.o
 .debug_macro   0x00000000000021cc       0x18 ./src/Exercise01.o
 .debug_macro   0x00000000000021e4       0xb2 ./src/Exercise01.o
 .debug_macro   0x0000000000002296       0x70 ./src/Exercise01.o
 .debug_macro   0x0000000000002306       0x46 ./src/Exercise01.o
 .debug_macro   0x000000000000234c       0xd0 ./src/Exercise01.o
 .debug_macro   0x000000000000241c       0x40 ./src/Exercise01.o
 .debug_macro   0x000000000000245c      0x233 ./src/Exercise01.o
 .debug_macro   0x000000000000268f       0x16 ./src/Exercise01.o
 .debug_macro   0x00000000000026a5       0x88 ./src/Exercise01.o
 .debug_macro   0x000000000000272d       0x34 ./src/Exercise01.o
 .debug_macro   0x0000000000002761       0x6a ./src/Exercise01.o
 .debug_macro   0x00000000000027cb       0x40 ./src/Exercise01.o
 .debug_macro   0x000000000000280b       0x1c ./src/Exercise01.o
 .debug_macro   0x0000000000002827       0x16 ./src/Exercise01.o
 .debug_macro   0x000000000000283d      0x10c ./src/Exercise01.o
 .debug_macro   0x0000000000002949      0x2a9 ./src/Exercise01.o
 .debug_macro   0x0000000000002bf2       0x76 ./src/Exercise01.o
 .debug_macro   0x0000000000002c68       0x22 ./src/Exercise01.o
 .debug_macro   0x0000000000002c8a      0x152 ./src/Exercise01.o
 .debug_macro   0x0000000000002ddc       0x82 ./src/Exercise01.o
 .debug_macro   0x0000000000002e5e       0xe6 ./src/Exercise01.o
 .debug_macro   0x0000000000002f44       0x3a ./src/Exercise01.o
 .debug_macro   0x0000000000002f7e       0x34 ./src/Exercise01.o
 .debug_macro   0x0000000000002fb2       0x10 ./src/Exercise01.o
 .debug_macro   0x0000000000002fc2       0x76 ./src/Exercise01.o
 .debug_macro   0x0000000000003038       0x58 ./src/Exercise01.o
 .debug_macro   0x0000000000003090      0x2ca ./src/Exercise01.o
 .debug_macro   0x000000000000335a      0x22b ./src/Exercise01.o
 .debug_macro   0x0000000000003585       0x2e ./src/Exercise01.o
 .debug_macro   0x00000000000035b3       0x34 ./src/Exercise01.o
 .debug_macro   0x00000000000035e7       0x5e ./src/Exercise01.o
 .debug_macro   0x0000000000003645       0x18 ./src/Exercise01.o
 .debug_macro   0x000000000000365d       0x35 ./src/Exercise01.o
 .debug_macro   0x0000000000003692       0x34 ./src/Exercise01.o
 .debug_macro   0x00000000000036c6       0x16 ./src/Exercise01.o
 .debug_macro   0x00000000000036dc       0x97 ./src/Exercise01.o
 .debug_macro   0x0000000000003773      0x35c ./src/Exercise01.o
 .debug_macro   0x0000000000003acf      0x104 ./src/Exercise01.o
 .debug_macro   0x0000000000003bd3       0x10 ./src/Exercise01.o
 .debug_macro   0x0000000000003be3       0x16 ./src/Exercise01.o
 .debug_macro   0x0000000000003bf9       0x43 ./src/Exercise01.o
 .debug_macro   0x0000000000003c3c       0x34 ./src/Exercise01.o
 .debug_macro   0x0000000000003c70       0x10 ./src/Exercise01.o
 .debug_macro   0x0000000000003c80       0x58 ./src/Exercise01.o
 .debug_macro   0x0000000000003cd8      0x182 ./src/Exercise01.o
 .debug_macro   0x0000000000003e5a       0xbe ./src/Exercise01.o
 .debug_macro   0x0000000000003f18       0x16 ./src/Exercise01.o
 .debug_macro   0x0000000000003f2e      0x114 ./src/Exercise01.o
 .debug_macro   0x0000000000004042       0x20 ./src/Exercise01.o
 .debug_macro   0x0000000000004062       0x82 ./src/Exercise01.o
 .debug_macro   0x00000000000040e4      0x16f ./src/Exercise01.o
 .debug_macro   0x0000000000004253       0x10 ./src/Exercise01.o
 .debug_macro   0x0000000000004263      0x3f4 ./src/Exercise01.o
 .debug_macro   0x0000000000004657       0x46 ./src/Exercise01.o
 .debug_macro   0x000000000000469d       0x17 ./src/Exercise01.o
 .debug_macro   0x00000000000046b4       0x28 ./src/Exercise01.o
 .debug_macro   0x00000000000046dc       0x33 ./src/Exercise01.o
 .debug_macro   0x000000000000470f       0x12 ./src/Exercise01.o
 .debug_macro   0x0000000000004721       0x23 ./src/cr_startup_lpc15xx.o
 .debug_macro   0x0000000000004744      0x36b ./src/sysinit.o
 .debug_macro   0x0000000000004aaf       0x22 ./src/sysinit.o
 .debug_macro   0x0000000000004ad1      0xa7d ./src/sysinit.o
 .debug_macro   0x000000000000554e       0x34 ./src/sysinit.o
 .debug_macro   0x0000000000005582       0x97 ./src/sysinit.o
 .debug_macro   0x0000000000005619      0x339 ./src/sysinit.o
 .debug_macro   0x0000000000005952       0xfd ./src/sysinit.o
 .debug_macro   0x0000000000005a4f       0x43 ./src/sysinit.o
 .debug_macro   0x0000000000005a92      0x129 ./src/sysinit.o
 .debug_macro   0x0000000000005bbb      0x284 /Users/visa/Documents/MCUXpressoIDE_11.1.0/workspace/lpc_board_nxp_lpcxpresso_1549/Debug/liblpc_board_nxp_lpcxpresso_1549.a(board.o)
 .debug_macro   0x0000000000005e3f      0xa9c /Users/visa/Documents/MCUXpressoIDE_11.1.0/workspace/lpc_board_nxp_lpcxpresso_1549/Debug/liblpc_board_nxp_lpcxpresso_1549.a(board.o)
 .debug_macro   0x00000000000068db       0x10 /Users/visa/Documents/MCUXpressoIDE_11.1.0/workspace/lpc_board_nxp_lpcxpresso_1549/Debug/liblpc_board_nxp_lpcxpresso_1549.a(board.o)
 .debug_macro   0x00000000000068eb      0x12e /Users/visa/Documents/MCUXpressoIDE_11.1.0/workspace/lpc_board_nxp_lpcxpresso_1549/Debug/liblpc_board_nxp_lpcxpresso_1549.a(board.o)
 .debug_macro   0x0000000000006a19      0x5b3 /Users/visa/Documents/MCUXpressoIDE_11.1.0/workspace/lpc_board_nxp_lpcxpresso_1549/Debug/liblpc_board_nxp_lpcxpresso_1549.a(board.o)
 .debug_macro   0x0000000000006fcc       0x22 /Users/visa/Documents/MCUXpressoIDE_11.1.0/workspace/lpc_board_nxp_lpcxpresso_1549/Debug/liblpc_board_nxp_lpcxpresso_1549.a(board.o)
 .debug_macro   0x0000000000006fee       0x9a /Users/visa/Documents/MCUXpressoIDE_11.1.0/workspace/lpc_board_nxp_lpcxpresso_1549/Debug/liblpc_board_nxp_lpcxpresso_1549.a(board.o)
 .debug_macro   0x0000000000007088       0x12 /Users/visa/Documents/MCUXpressoIDE_11.1.0/workspace/lpc_board_nxp_lpcxpresso_1549/Debug/liblpc_board_nxp_lpcxpresso_1549.a(board.o)
 .debug_macro   0x000000000000709a      0x288 /Users/visa/Documents/MCUXpressoIDE_11.1.0/workspace/lpc_board_nxp_lpcxpresso_1549/Debug/liblpc_board_nxp_lpcxpresso_1549.a(board_sysinit.o)
 .debug_macro   0x0000000000007322      0x239 /Users/visa/Documents/MCUXpressoIDE_11.1.0/workspace/lpc_chip_15xx/Debug/liblpc_chip_15xx.a(chip_15xx.o)
 .debug_macro   0x000000000000755b      0x239 /Users/visa/Documents/MCUXpressoIDE_11.1.0/workspace/lpc_chip_15xx/Debug/liblpc_chip_15xx.a(clock_15xx.o)
 .debug_macro   0x0000000000007794      0x239 /Users/visa/Documents/MCUXpressoIDE_11.1.0/workspace/lpc_chip_15xx/Debug/liblpc_chip_15xx.a(gpio_15xx.o)
 .debug_macro   0x00000000000079cd      0x239 /Users/visa/Documents/MCUXpressoIDE_11.1.0/workspace/lpc_chip_15xx/Debug/liblpc_chip_15xx.a(iocon_15xx.o)
 .debug_macro   0x0000000000007c06      0x245 /Users/visa/Documents/MCUXpressoIDE_11.1.0/workspace/lpc_chip_15xx/Debug/liblpc_chip_15xx.a(swm_15xx.o)
 .debug_macro   0x0000000000007e4b      0x251 /Users/visa/Documents/MCUXpressoIDE_11.1.0/workspace/lpc_chip_15xx/Debug/liblpc_chip_15xx.a(sysctl_15xx.o)
 .debug_macro   0x000000000000809c      0x239 /Users/visa/Documents/MCUXpressoIDE_11.1.0/workspace/lpc_chip_15xx/Debug/liblpc_chip_15xx.a(sysinit_15xx.o)
 .debug_macro   0x00000000000082d5      0x239 /Users/visa/Documents/MCUXpressoIDE_11.1.0/workspace/lpc_chip_15xx/Debug/liblpc_chip_15xx.a(uart_15xx.o)

.debug_line     0x0000000000000000     0x57e3
 .debug_line    0x0000000000000000      0xc69 ./src/Exercise01.o
 .debug_line    0x0000000000000c69      0x172 ./src/cr_startup_lpc15xx.o
 .debug_line    0x0000000000000ddb      0x737 ./src/sysinit.o
 .debug_line    0x0000000000001512      0x85f /Users/visa/Documents/MCUXpressoIDE_11.1.0/workspace/lpc_board_nxp_lpcxpresso_1549/Debug/liblpc_board_nxp_lpcxpresso_1549.a(board.o)
 .debug_line    0x0000000000001d71      0x69f /Users/visa/Documents/MCUXpressoIDE_11.1.0/workspace/lpc_board_nxp_lpcxpresso_1549/Debug/liblpc_board_nxp_lpcxpresso_1549.a(board_sysinit.o)
 .debug_line    0x0000000000002410      0x59a /Users/visa/Documents/MCUXpressoIDE_11.1.0/workspace/lpc_chip_15xx/Debug/liblpc_chip_15xx.a(chip_15xx.o)
 .debug_line    0x00000000000029aa      0x9bf /Users/visa/Documents/MCUXpressoIDE_11.1.0/workspace/lpc_chip_15xx/Debug/liblpc_chip_15xx.a(clock_15xx.o)
 .debug_line    0x0000000000003369      0x610 /Users/visa/Documents/MCUXpressoIDE_11.1.0/workspace/lpc_chip_15xx/Debug/liblpc_chip_15xx.a(gpio_15xx.o)
 .debug_line    0x0000000000003979      0x517 /Users/visa/Documents/MCUXpressoIDE_11.1.0/workspace/lpc_chip_15xx/Debug/liblpc_chip_15xx.a(iocon_15xx.o)
 .debug_line    0x0000000000003e90      0x582 /Users/visa/Documents/MCUXpressoIDE_11.1.0/workspace/lpc_chip_15xx/Debug/liblpc_chip_15xx.a(swm_15xx.o)
 .debug_line    0x0000000000004412      0x5d7 /Users/visa/Documents/MCUXpressoIDE_11.1.0/workspace/lpc_chip_15xx/Debug/liblpc_chip_15xx.a(sysctl_15xx.o)
 .debug_line    0x00000000000049e9      0x5f8 /Users/visa/Documents/MCUXpressoIDE_11.1.0/workspace/lpc_chip_15xx/Debug/liblpc_chip_15xx.a(sysinit_15xx.o)
 .debug_line    0x0000000000004fe1      0x802 /Users/visa/Documents/MCUXpressoIDE_11.1.0/workspace/lpc_chip_15xx/Debug/liblpc_chip_15xx.a(uart_15xx.o)

.debug_str      0x0000000000000000    0x1a5ae
 .debug_str     0x0000000000000000    0x16198 ./src/Exercise01.o
                                      0x1654f (size before relaxing)
 .debug_str     0x0000000000016198      0x201 ./src/cr_startup_lpc15xx.o
                                       0x3410 (size before relaxing)
 .debug_str     0x0000000000016399      0x316 ./src/sysinit.o
                                      0x1299e (size before relaxing)
 .debug_str     0x00000000000166af     0x23d1 /Users/visa/Documents/MCUXpressoIDE_11.1.0/workspace/lpc_board_nxp_lpcxpresso_1549/Debug/liblpc_board_nxp_lpcxpresso_1549.a(board.o)
                                      0x108d2 (size before relaxing)
 .debug_str     0x0000000000018a80      0x5fe /Users/visa/Documents/MCUXpressoIDE_11.1.0/workspace/lpc_board_nxp_lpcxpresso_1549/Debug/liblpc_board_nxp_lpcxpresso_1549.a(board_sysinit.o)
                                      0x10ec4 (size before relaxing)
 .debug_str     0x000000000001907e      0x145 /Users/visa/Documents/MCUXpressoIDE_11.1.0/workspace/lpc_chip_15xx/Debug/liblpc_chip_15xx.a(chip_15xx.o)
                                      0x10571 (size before relaxing)
 .debug_str     0x00000000000191c3      0x89d /Users/visa/Documents/MCUXpressoIDE_11.1.0/workspace/lpc_chip_15xx/Debug/liblpc_chip_15xx.a(clock_15xx.o)
                                      0x10981 (size before relaxing)
 .debug_str     0x0000000000019a60       0xdf /Users/visa/Documents/MCUXpressoIDE_11.1.0/workspace/lpc_chip_15xx/Debug/liblpc_chip_15xx.a(gpio_15xx.o)
                                      0x1002e (size before relaxing)
 .debug_str     0x0000000000019b3f       0x41 /Users/visa/Documents/MCUXpressoIDE_11.1.0/workspace/lpc_chip_15xx/Debug/liblpc_chip_15xx.a(iocon_15xx.o)
                                       0xfb4b (size before relaxing)
 .debug_str     0x0000000000019b80      0x55d /Users/visa/Documents/MCUXpressoIDE_11.1.0/workspace/lpc_chip_15xx/Debug/liblpc_chip_15xx.a(swm_15xx.o)
                                      0x10553 (size before relaxing)
 .debug_str     0x000000000001a0dd      0x183 /Users/visa/Documents/MCUXpressoIDE_11.1.0/workspace/lpc_chip_15xx/Debug/liblpc_chip_15xx.a(sysctl_15xx.o)
                                      0x10038 (size before relaxing)
 .debug_str     0x000000000001a260      0x13f /Users/visa/Documents/MCUXpressoIDE_11.1.0/workspace/lpc_chip_15xx/Debug/liblpc_chip_15xx.a(sysinit_15xx.o)
                                      0x10027 (size before relaxing)
 .debug_str     0x000000000001a39f      0x20f /Users/visa/Documents/MCUXpressoIDE_11.1.0/workspace/lpc_chip_15xx/Debug/liblpc_chip_15xx.a(uart_15xx.o)
                                      0x1018a (size before relaxing)

.comment        0x0000000000000000       0x76
 .comment       0x0000000000000000       0x76 ./src/Exercise01.o
                                         0x77 (size before relaxing)
 .comment       0x0000000000000076       0x77 ./src/cr_startup_lpc15xx.o
 .comment       0x0000000000000076       0x77 ./src/sysinit.o
 .comment       0x0000000000000076       0x77 /Users/visa/Documents/MCUXpressoIDE_11.1.0/workspace/lpc_board_nxp_lpcxpresso_1549/Debug/liblpc_board_nxp_lpcxpresso_1549.a(board.o)
 .comment       0x0000000000000076       0x77 /Users/visa/Documents/MCUXpressoIDE_11.1.0/workspace/lpc_board_nxp_lpcxpresso_1549/Debug/liblpc_board_nxp_lpcxpresso_1549.a(board_sysinit.o)
 .comment       0x0000000000000076       0x77 /Users/visa/Documents/MCUXpressoIDE_11.1.0/workspace/lpc_chip_15xx/Debug/liblpc_chip_15xx.a(chip_15xx.o)
 .comment       0x0000000000000076       0x77 /Users/visa/Documents/MCUXpressoIDE_11.1.0/workspace/lpc_chip_15xx/Debug/liblpc_chip_15xx.a(clock_15xx.o)
 .comment       0x0000000000000076       0x77 /Users/visa/Documents/MCUXpressoIDE_11.1.0/workspace/lpc_chip_15xx/Debug/liblpc_chip_15xx.a(gpio_15xx.o)
 .comment       0x0000000000000076       0x77 /Users/visa/Documents/MCUXpressoIDE_11.1.0/workspace/lpc_chip_15xx/Debug/liblpc_chip_15xx.a(iocon_15xx.o)
 .comment       0x0000000000000076       0x77 /Users/visa/Documents/MCUXpressoIDE_11.1.0/workspace/lpc_chip_15xx/Debug/liblpc_chip_15xx.a(swm_15xx.o)
 .comment       0x0000000000000076       0x77 /Users/visa/Documents/MCUXpressoIDE_11.1.0/workspace/lpc_chip_15xx/Debug/liblpc_chip_15xx.a(sysctl_15xx.o)
 .comment       0x0000000000000076       0x77 /Users/visa/Documents/MCUXpressoIDE_11.1.0/workspace/lpc_chip_15xx/Debug/liblpc_chip_15xx.a(sysinit_15xx.o)
 .comment       0x0000000000000076       0x77 /Users/visa/Documents/MCUXpressoIDE_11.1.0/workspace/lpc_chip_15xx/Debug/liblpc_chip_15xx.a(uart_15xx.o)

.ARM.attributes
                0x0000000000000000       0x2b
 .ARM.attributes
                0x0000000000000000       0x2d ./src/Exercise01.o
 .ARM.attributes
                0x000000000000002d       0x2d ./src/cr_startup_lpc15xx.o
 .ARM.attributes
                0x000000000000005a       0x2d ./src/sysinit.o
 .ARM.attributes
                0x0000000000000087       0x2d /Users/visa/Documents/MCUXpressoIDE_11.1.0/workspace/lpc_board_nxp_lpcxpresso_1549/Debug/liblpc_board_nxp_lpcxpresso_1549.a(board.o)
 .ARM.attributes
                0x00000000000000b4       0x2d /Users/visa/Documents/MCUXpressoIDE_11.1.0/workspace/lpc_board_nxp_lpcxpresso_1549/Debug/liblpc_board_nxp_lpcxpresso_1549.a(board_sysinit.o)
 .ARM.attributes
                0x00000000000000e1       0x2d /Users/visa/Documents/MCUXpressoIDE_11.1.0/workspace/lpc_chip_15xx/Debug/liblpc_chip_15xx.a(chip_15xx.o)
 .ARM.attributes
                0x000000000000010e       0x2d /Users/visa/Documents/MCUXpressoIDE_11.1.0/workspace/lpc_chip_15xx/Debug/liblpc_chip_15xx.a(clock_15xx.o)
 .ARM.attributes
                0x000000000000013b       0x2d /Users/visa/Documents/MCUXpressoIDE_11.1.0/workspace/lpc_chip_15xx/Debug/liblpc_chip_15xx.a(gpio_15xx.o)
 .ARM.attributes
                0x0000000000000168       0x2d /Users/visa/Documents/MCUXpressoIDE_11.1.0/workspace/lpc_chip_15xx/Debug/liblpc_chip_15xx.a(iocon_15xx.o)
 .ARM.attributes
                0x0000000000000195       0x2d /Users/visa/Documents/MCUXpressoIDE_11.1.0/workspace/lpc_chip_15xx/Debug/liblpc_chip_15xx.a(swm_15xx.o)
 .ARM.attributes
                0x00000000000001c2       0x2d /Users/visa/Documents/MCUXpressoIDE_11.1.0/workspace/lpc_chip_15xx/Debug/liblpc_chip_15xx.a(sysctl_15xx.o)
 .ARM.attributes
                0x00000000000001ef       0x2d /Users/visa/Documents/MCUXpressoIDE_11.1.0/workspace/lpc_chip_15xx/Debug/liblpc_chip_15xx.a(sysinit_15xx.o)
 .ARM.attributes
                0x000000000000021c       0x2d /Users/visa/Documents/MCUXpressoIDE_11.1.0/workspace/lpc_chip_15xx/Debug/liblpc_chip_15xx.a(uart_15xx.o)
 .ARM.attributes
                0x0000000000000249       0x1d /Applications/MCUXpressoIDE_11.1.0_3209/ide/plugins/com.nxp.mcuxpresso.tools.macosx_11.1.0.201909161352/tools/bin/../lib/gcc/arm-none-eabi/8.3.1/thumb/v7-m/nofp/libgcc.a(_aeabi_uldivmod.o)
 .ARM.attributes
                0x0000000000000266       0x2d /Applications/MCUXpressoIDE_11.1.0_3209/ide/plugins/com.nxp.mcuxpresso.tools.macosx_11.1.0.201909161352/tools/bin/../lib/gcc/arm-none-eabi/8.3.1/thumb/v7-m/nofp/libgcc.a(_udivmoddi4.o)
 .ARM.attributes
                0x0000000000000293       0x1d /Applications/MCUXpressoIDE_11.1.0_3209/ide/plugins/com.nxp.mcuxpresso.tools.macosx_11.1.0.201909161352/tools/bin/../lib/gcc/arm-none-eabi/8.3.1/thumb/v7-m/nofp/libgcc.a(_dvmd_tls.o)
 .ARM.attributes
                0x00000000000002b0       0x2d /Applications/MCUXpressoIDE_11.1.0_3209/ide/plugins/com.nxp.mcuxpresso.tools.macosx_11.1.0.201909161352/tools/bin/../lib/gcc/arm-none-eabi/8.3.1/../../../../arm-none-eabi/lib/thumb/v7-m/nofp/libc.a(lib_a-init.o)
 .ARM.attributes
                0x00000000000002dd       0x1d /Applications/MCUXpressoIDE_11.1.0_3209/ide/plugins/com.nxp.mcuxpresso.tools.macosx_11.1.0.201909161352/tools/bin/../lib/gcc/arm-none-eabi/8.3.1/thumb/v7-m/nofp/crti.o
 .ARM.attributes
                0x00000000000002fa       0x1d /Applications/MCUXpressoIDE_11.1.0_3209/ide/plugins/com.nxp.mcuxpresso.tools.macosx_11.1.0.201909161352/tools/bin/../lib/gcc/arm-none-eabi/8.3.1/thumb/v7-m/nofp/crtn.o
 .ARM.attributes
                0x0000000000000317       0x2d /Applications/MCUXpressoIDE_11.1.0_3209/ide/plugins/com.nxp.mcuxpresso.tools.macosx_11.1.0.201909161352/tools/bin/../lib/gcc/arm-none-eabi/8.3.1/thumb/v7-m/nofp/crtbegin.o

.debug_frame    0x0000000000000000     0x1754
 .debug_frame   0x0000000000000000      0x25c ./src/Exercise01.o
 .debug_frame   0x000000000000025c      0x170 ./src/cr_startup_lpc15xx.o
 .debug_frame   0x00000000000003cc       0x2c ./src/sysinit.o
 .debug_frame   0x00000000000003f8      0x360 /Users/visa/Documents/MCUXpressoIDE_11.1.0/workspace/lpc_board_nxp_lpcxpresso_1549/Debug/liblpc_board_nxp_lpcxpresso_1549.a(board.o)
 .debug_frame   0x0000000000000758      0x14c /Users/visa/Documents/MCUXpressoIDE_11.1.0/workspace/lpc_board_nxp_lpcxpresso_1549/Debug/liblpc_board_nxp_lpcxpresso_1549.a(board_sysinit.o)
 .debug_frame   0x00000000000008a4      0x104 /Users/visa/Documents/MCUXpressoIDE_11.1.0/workspace/lpc_chip_15xx/Debug/liblpc_chip_15xx.a(chip_15xx.o)
 .debug_frame   0x00000000000009a8      0x4b0 /Users/visa/Documents/MCUXpressoIDE_11.1.0/workspace/lpc_chip_15xx/Debug/liblpc_chip_15xx.a(clock_15xx.o)
 .debug_frame   0x0000000000000e58      0x1b4 /Users/visa/Documents/MCUXpressoIDE_11.1.0/workspace/lpc_chip_15xx/Debug/liblpc_chip_15xx.a(gpio_15xx.o)
 .debug_frame   0x000000000000100c       0x5c /Users/visa/Documents/MCUXpressoIDE_11.1.0/workspace/lpc_chip_15xx/Debug/liblpc_chip_15xx.a(iocon_15xx.o)
 .debug_frame   0x0000000000001068       0xd4 /Users/visa/Documents/MCUXpressoIDE_11.1.0/workspace/lpc_chip_15xx/Debug/liblpc_chip_15xx.a(swm_15xx.o)
 .debug_frame   0x000000000000113c      0x120 /Users/visa/Documents/MCUXpressoIDE_11.1.0/workspace/lpc_chip_15xx/Debug/liblpc_chip_15xx.a(sysctl_15xx.o)
 .debug_frame   0x000000000000125c      0x12c /Users/visa/Documents/MCUXpressoIDE_11.1.0/workspace/lpc_chip_15xx/Debug/liblpc_chip_15xx.a(sysinit_15xx.o)
 .debug_frame   0x0000000000001388      0x340 /Users/visa/Documents/MCUXpressoIDE_11.1.0/workspace/lpc_chip_15xx/Debug/liblpc_chip_15xx.a(uart_15xx.o)
 .debug_frame   0x00000000000016c8       0x2c /Applications/MCUXpressoIDE_11.1.0_3209/ide/plugins/com.nxp.mcuxpresso.tools.macosx_11.1.0.201909161352/tools/bin/../lib/gcc/arm-none-eabi/8.3.1/thumb/v7-m/nofp/libgcc.a(_aeabi_uldivmod.o)
 .debug_frame   0x00000000000016f4       0x34 /Applications/MCUXpressoIDE_11.1.0_3209/ide/plugins/com.nxp.mcuxpresso.tools.macosx_11.1.0.201909161352/tools/bin/../lib/gcc/arm-none-eabi/8.3.1/thumb/v7-m/nofp/libgcc.a(_udivmoddi4.o)
 .debug_frame   0x0000000000001728       0x2c /Applications/MCUXpressoIDE_11.1.0_3209/ide/plugins/com.nxp.mcuxpresso.tools.macosx_11.1.0.201909161352/tools/bin/../lib/gcc/arm-none-eabi/8.3.1/../../../../arm-none-eabi/lib/thumb/v7-m/nofp/libc.a(lib_a-init.o)

Cross Reference Table

Symbol                                            File
ACMP0_IRQHandler                                  ./src/cr_startup_lpc15xx.o
ACMP1_IRQHandler                                  ./src/cr_startup_lpc15xx.o
ACMP2_IRQHandler                                  ./src/cr_startup_lpc15xx.o
ACMP3_IRQHandler                                  ./src/cr_startup_lpc15xx.o
ADC0A_IRQHandler                                  ./src/cr_startup_lpc15xx.o
ADC0B_IRQHandler                                  ./src/cr_startup_lpc15xx.o
ADC0_OVR_IRQHandler                               ./src/cr_startup_lpc15xx.o
ADC0_THCMP_IRQHandler                             ./src/cr_startup_lpc15xx.o
ADC1A_IRQHandler                                  ./src/cr_startup_lpc15xx.o
ADC1B_IRQHandler                                  ./src/cr_startup_lpc15xx.o
ADC1_OVR_IRQHandler                               ./src/cr_startup_lpc15xx.o
ADC1_THCMP_IRQHandler                             ./src/cr_startup_lpc15xx.o
BOD_IRQHandler                                    ./src/cr_startup_lpc15xx.o
Board_Debug_Init                                  /Users/visa/Documents/MCUXpressoIDE_11.1.0/workspace/lpc_board_nxp_lpcxpresso_1549/Debug/liblpc_board_nxp_lpcxpresso_1549.a(board.o)
Board_Init                                        /Users/visa/Documents/MCUXpressoIDE_11.1.0/workspace/lpc_board_nxp_lpcxpresso_1549/Debug/liblpc_board_nxp_lpcxpresso_1549.a(board.o)
                                                  ./src/Exercise01.o
Board_Joystick_Init                               /Users/visa/Documents/MCUXpressoIDE_11.1.0/workspace/lpc_board_nxp_lpcxpresso_1549/Debug/liblpc_board_nxp_lpcxpresso_1549.a(board.o)
Board_LED_Set                                     /Users/visa/Documents/MCUXpressoIDE_11.1.0/workspace/lpc_board_nxp_lpcxpresso_1549/Debug/liblpc_board_nxp_lpcxpresso_1549.a(board.o)
                                                  ./src/Exercise01.o
Board_LED_Test                                    /Users/visa/Documents/MCUXpressoIDE_11.1.0/workspace/lpc_board_nxp_lpcxpresso_1549/Debug/liblpc_board_nxp_lpcxpresso_1549.a(board.o)
Board_LED_Toggle                                  /Users/visa/Documents/MCUXpressoIDE_11.1.0/workspace/lpc_board_nxp_lpcxpresso_1549/Debug/liblpc_board_nxp_lpcxpresso_1549.a(board.o)
Board_SetupClocking                               /Users/visa/Documents/MCUXpressoIDE_11.1.0/workspace/lpc_board_nxp_lpcxpresso_1549/Debug/liblpc_board_nxp_lpcxpresso_1549.a(board_sysinit.o)
Board_SetupMuxing                                 /Users/visa/Documents/MCUXpressoIDE_11.1.0/workspace/lpc_board_nxp_lpcxpresso_1549/Debug/liblpc_board_nxp_lpcxpresso_1549.a(board_sysinit.o)
Board_SystemInit                                  /Users/visa/Documents/MCUXpressoIDE_11.1.0/workspace/lpc_board_nxp_lpcxpresso_1549/Debug/liblpc_board_nxp_lpcxpresso_1549.a(board_sysinit.o)
                                                  ./src/sysinit.o
Board_UARTGetChar                                 /Users/visa/Documents/MCUXpressoIDE_11.1.0/workspace/lpc_board_nxp_lpcxpresso_1549/Debug/liblpc_board_nxp_lpcxpresso_1549.a(board.o)
Board_UARTPutChar                                 /Users/visa/Documents/MCUXpressoIDE_11.1.0/workspace/lpc_board_nxp_lpcxpresso_1549/Debug/liblpc_board_nxp_lpcxpresso_1549.a(board.o)
Board_UARTPutSTR                                  /Users/visa/Documents/MCUXpressoIDE_11.1.0/workspace/lpc_board_nxp_lpcxpresso_1549/Debug/liblpc_board_nxp_lpcxpresso_1549.a(board.o)
BusFault_Handler                                  ./src/cr_startup_lpc15xx.o
CAN_IRQHandler                                    ./src/cr_startup_lpc15xx.o
CRP_WORD                                          ./src/crp.o
Chip_Clock_DisablePeriphClock                     /Users/visa/Documents/MCUXpressoIDE_11.1.0/workspace/lpc_chip_15xx/Debug/liblpc_chip_15xx.a(clock_15xx.o)
                                                  /Users/visa/Documents/MCUXpressoIDE_11.1.0/workspace/lpc_chip_15xx/Debug/liblpc_chip_15xx.a(uart_15xx.o)
                                                  /Users/visa/Documents/MCUXpressoIDE_11.1.0/workspace/lpc_chip_15xx/Debug/liblpc_chip_15xx.a(gpio_15xx.o)
Chip_Clock_EnablePeriphClock                      /Users/visa/Documents/MCUXpressoIDE_11.1.0/workspace/lpc_chip_15xx/Debug/liblpc_chip_15xx.a(clock_15xx.o)
                                                  /Users/visa/Documents/MCUXpressoIDE_11.1.0/workspace/lpc_chip_15xx/Debug/liblpc_chip_15xx.a(uart_15xx.o)
                                                  /Users/visa/Documents/MCUXpressoIDE_11.1.0/workspace/lpc_chip_15xx/Debug/liblpc_chip_15xx.a(gpio_15xx.o)
                                                  /Users/visa/Documents/MCUXpressoIDE_11.1.0/workspace/lpc_chip_15xx/Debug/liblpc_chip_15xx.a(chip_15xx.o)
                                                  /Users/visa/Documents/MCUXpressoIDE_11.1.0/workspace/lpc_board_nxp_lpcxpresso_1549/Debug/liblpc_board_nxp_lpcxpresso_1549.a(board_sysinit.o)
Chip_Clock_GetADCASYNCRate                        /Users/visa/Documents/MCUXpressoIDE_11.1.0/workspace/lpc_chip_15xx/Debug/liblpc_chip_15xx.a(clock_15xx.o)
Chip_Clock_GetMainClockRate                       /Users/visa/Documents/MCUXpressoIDE_11.1.0/workspace/lpc_chip_15xx/Debug/liblpc_chip_15xx.a(clock_15xx.o)
                                                  /Users/visa/Documents/MCUXpressoIDE_11.1.0/workspace/lpc_board_nxp_lpcxpresso_1549/Debug/liblpc_board_nxp_lpcxpresso_1549.a(board.o)
Chip_Clock_GetMainClockSource                     /Users/visa/Documents/MCUXpressoIDE_11.1.0/workspace/lpc_chip_15xx/Debug/liblpc_chip_15xx.a(clock_15xx.o)
Chip_Clock_GetMain_A_ClockRate                    /Users/visa/Documents/MCUXpressoIDE_11.1.0/workspace/lpc_chip_15xx/Debug/liblpc_chip_15xx.a(clock_15xx.o)
Chip_Clock_GetMain_B_ClockRate                    /Users/visa/Documents/MCUXpressoIDE_11.1.0/workspace/lpc_chip_15xx/Debug/liblpc_chip_15xx.a(clock_15xx.o)
Chip_Clock_GetSCTPLLInClockRate                   /Users/visa/Documents/MCUXpressoIDE_11.1.0/workspace/lpc_chip_15xx/Debug/liblpc_chip_15xx.a(clock_15xx.o)
Chip_Clock_GetSCTPLLOutClockRate                  /Users/visa/Documents/MCUXpressoIDE_11.1.0/workspace/lpc_chip_15xx/Debug/liblpc_chip_15xx.a(clock_15xx.o)
Chip_Clock_GetSysTickClockRate                    /Users/visa/Documents/MCUXpressoIDE_11.1.0/workspace/lpc_chip_15xx/Debug/liblpc_chip_15xx.a(clock_15xx.o)
                                                  ./src/Exercise01.o
Chip_Clock_GetSystemClockRate                     /Users/visa/Documents/MCUXpressoIDE_11.1.0/workspace/lpc_chip_15xx/Debug/liblpc_chip_15xx.a(clock_15xx.o)
                                                  /Users/visa/Documents/MCUXpressoIDE_11.1.0/workspace/lpc_chip_15xx/Debug/liblpc_chip_15xx.a(chip_15xx.o)
Chip_Clock_GetSystemPLLInClockRate                /Users/visa/Documents/MCUXpressoIDE_11.1.0/workspace/lpc_chip_15xx/Debug/liblpc_chip_15xx.a(clock_15xx.o)
Chip_Clock_GetSystemPLLOutClockRate               /Users/visa/Documents/MCUXpressoIDE_11.1.0/workspace/lpc_chip_15xx/Debug/liblpc_chip_15xx.a(clock_15xx.o)
Chip_Clock_GetUARTBaseClockRate                   /Users/visa/Documents/MCUXpressoIDE_11.1.0/workspace/lpc_chip_15xx/Debug/liblpc_chip_15xx.a(clock_15xx.o)
                                                  /Users/visa/Documents/MCUXpressoIDE_11.1.0/workspace/lpc_chip_15xx/Debug/liblpc_chip_15xx.a(uart_15xx.o)
Chip_Clock_GetUSBPLLInClockRate                   /Users/visa/Documents/MCUXpressoIDE_11.1.0/workspace/lpc_chip_15xx/Debug/liblpc_chip_15xx.a(clock_15xx.o)
Chip_Clock_GetUSBPLLOutClockRate                  /Users/visa/Documents/MCUXpressoIDE_11.1.0/workspace/lpc_chip_15xx/Debug/liblpc_chip_15xx.a(clock_15xx.o)
Chip_Clock_SetCLKOUTSource                        /Users/visa/Documents/MCUXpressoIDE_11.1.0/workspace/lpc_chip_15xx/Debug/liblpc_chip_15xx.a(clock_15xx.o)
Chip_Clock_SetMainClockSource                     /Users/visa/Documents/MCUXpressoIDE_11.1.0/workspace/lpc_chip_15xx/Debug/liblpc_chip_15xx.a(clock_15xx.o)
                                                  /Users/visa/Documents/MCUXpressoIDE_11.1.0/workspace/lpc_chip_15xx/Debug/liblpc_chip_15xx.a(sysinit_15xx.o)
Chip_Clock_SetPLLBypass                           /Users/visa/Documents/MCUXpressoIDE_11.1.0/workspace/lpc_chip_15xx/Debug/liblpc_chip_15xx.a(clock_15xx.o)
Chip_Clock_SetUARTBaseClockRate                   /Users/visa/Documents/MCUXpressoIDE_11.1.0/workspace/lpc_chip_15xx/Debug/liblpc_chip_15xx.a(clock_15xx.o)
                                                  /Users/visa/Documents/MCUXpressoIDE_11.1.0/workspace/lpc_board_nxp_lpcxpresso_1549/Debug/liblpc_board_nxp_lpcxpresso_1549.a(board.o)
Chip_GPIO_DeInit                                  /Users/visa/Documents/MCUXpressoIDE_11.1.0/workspace/lpc_chip_15xx/Debug/liblpc_chip_15xx.a(gpio_15xx.o)
Chip_GPIO_Init                                    /Users/visa/Documents/MCUXpressoIDE_11.1.0/workspace/lpc_chip_15xx/Debug/liblpc_chip_15xx.a(gpio_15xx.o)
                                                  /Users/visa/Documents/MCUXpressoIDE_11.1.0/workspace/lpc_board_nxp_lpcxpresso_1549/Debug/liblpc_board_nxp_lpcxpresso_1549.a(board.o)
Chip_GPIO_SetDir                                  /Users/visa/Documents/MCUXpressoIDE_11.1.0/workspace/lpc_chip_15xx/Debug/liblpc_chip_15xx.a(gpio_15xx.o)
Chip_GPIO_SetPinDIR                               /Users/visa/Documents/MCUXpressoIDE_11.1.0/workspace/lpc_chip_15xx/Debug/liblpc_chip_15xx.a(gpio_15xx.o)
Chip_GPIO_SetPortDIR                              /Users/visa/Documents/MCUXpressoIDE_11.1.0/workspace/lpc_chip_15xx/Debug/liblpc_chip_15xx.a(gpio_15xx.o)
Chip_GPIO_WriteDirBit                             /Users/visa/Documents/MCUXpressoIDE_11.1.0/workspace/lpc_chip_15xx/Debug/liblpc_chip_15xx.a(gpio_15xx.o)
Chip_IOCON_SetPinMuxing                           /Users/visa/Documents/MCUXpressoIDE_11.1.0/workspace/lpc_chip_15xx/Debug/liblpc_chip_15xx.a(iocon_15xx.o)
                                                  /Users/visa/Documents/MCUXpressoIDE_11.1.0/workspace/lpc_board_nxp_lpcxpresso_1549/Debug/liblpc_board_nxp_lpcxpresso_1549.a(board_sysinit.o)
Chip_SWM_DisableFixedPin                          /Users/visa/Documents/MCUXpressoIDE_11.1.0/workspace/lpc_chip_15xx/Debug/liblpc_chip_15xx.a(swm_15xx.o)
Chip_SWM_EnableFixedPin                           /Users/visa/Documents/MCUXpressoIDE_11.1.0/workspace/lpc_chip_15xx/Debug/liblpc_chip_15xx.a(swm_15xx.o)
Chip_SWM_FixedPinEnable                           /Users/visa/Documents/MCUXpressoIDE_11.1.0/workspace/lpc_chip_15xx/Debug/liblpc_chip_15xx.a(swm_15xx.o)
Chip_SWM_IsFixedPinEnabled                        /Users/visa/Documents/MCUXpressoIDE_11.1.0/workspace/lpc_chip_15xx/Debug/liblpc_chip_15xx.a(swm_15xx.o)
Chip_SWM_MovablePinAssign                         /Users/visa/Documents/MCUXpressoIDE_11.1.0/workspace/lpc_chip_15xx/Debug/liblpc_chip_15xx.a(swm_15xx.o)
                                                  /Users/visa/Documents/MCUXpressoIDE_11.1.0/workspace/lpc_board_nxp_lpcxpresso_1549/Debug/liblpc_board_nxp_lpcxpresso_1549.a(board_sysinit.o)
                                                  /Users/visa/Documents/MCUXpressoIDE_11.1.0/workspace/lpc_board_nxp_lpcxpresso_1549/Debug/liblpc_board_nxp_lpcxpresso_1549.a(board.o)
Chip_SYSCTL_AssertPeriphReset                     /Users/visa/Documents/MCUXpressoIDE_11.1.0/workspace/lpc_chip_15xx/Debug/liblpc_chip_15xx.a(sysctl_15xx.o)
                                                  /Users/visa/Documents/MCUXpressoIDE_11.1.0/workspace/lpc_chip_15xx/Debug/liblpc_chip_15xx.a(uart_15xx.o)
                                                  /Users/visa/Documents/MCUXpressoIDE_11.1.0/workspace/lpc_chip_15xx/Debug/liblpc_chip_15xx.a(gpio_15xx.o)
                                                  /Users/visa/Documents/MCUXpressoIDE_11.1.0/workspace/lpc_chip_15xx/Debug/liblpc_chip_15xx.a(chip_15xx.o)
                                                  /Users/visa/Documents/MCUXpressoIDE_11.1.0/workspace/lpc_board_nxp_lpcxpresso_1549/Debug/liblpc_board_nxp_lpcxpresso_1549.a(board_sysinit.o)
Chip_SYSCTL_DeassertPeriphReset                   /Users/visa/Documents/MCUXpressoIDE_11.1.0/workspace/lpc_chip_15xx/Debug/liblpc_chip_15xx.a(sysctl_15xx.o)
                                                  /Users/visa/Documents/MCUXpressoIDE_11.1.0/workspace/lpc_chip_15xx/Debug/liblpc_chip_15xx.a(uart_15xx.o)
                                                  /Users/visa/Documents/MCUXpressoIDE_11.1.0/workspace/lpc_chip_15xx/Debug/liblpc_chip_15xx.a(gpio_15xx.o)
                                                  /Users/visa/Documents/MCUXpressoIDE_11.1.0/workspace/lpc_chip_15xx/Debug/liblpc_chip_15xx.a(chip_15xx.o)
                                                  /Users/visa/Documents/MCUXpressoIDE_11.1.0/workspace/lpc_board_nxp_lpcxpresso_1549/Debug/liblpc_board_nxp_lpcxpresso_1549.a(board_sysinit.o)
Chip_SYSCTL_GetCompFreqMeas                       /Users/visa/Documents/MCUXpressoIDE_11.1.0/workspace/lpc_chip_15xx/Debug/liblpc_chip_15xx.a(sysctl_15xx.o)
Chip_SYSCTL_PowerDown                             /Users/visa/Documents/MCUXpressoIDE_11.1.0/workspace/lpc_chip_15xx/Debug/liblpc_chip_15xx.a(sysctl_15xx.o)
                                                  /Users/visa/Documents/MCUXpressoIDE_11.1.0/workspace/lpc_chip_15xx/Debug/liblpc_chip_15xx.a(sysinit_15xx.o)
Chip_SYSCTL_PowerUp                               /Users/visa/Documents/MCUXpressoIDE_11.1.0/workspace/lpc_chip_15xx/Debug/liblpc_chip_15xx.a(sysctl_15xx.o)
                                                  /Users/visa/Documents/MCUXpressoIDE_11.1.0/workspace/lpc_chip_15xx/Debug/liblpc_chip_15xx.a(sysinit_15xx.o)
                                                  /Users/visa/Documents/MCUXpressoIDE_11.1.0/workspace/lpc_chip_15xx/Debug/liblpc_chip_15xx.a(chip_15xx.o)
                                                  /Users/visa/Documents/MCUXpressoIDE_11.1.0/workspace/lpc_board_nxp_lpcxpresso_1549/Debug/liblpc_board_nxp_lpcxpresso_1549.a(board_sysinit.o)
Chip_SYSCTL_SetWakeup                             /Users/visa/Documents/MCUXpressoIDE_11.1.0/workspace/lpc_chip_15xx/Debug/liblpc_chip_15xx.a(sysctl_15xx.o)
Chip_SetupIrcClocking                             /Users/visa/Documents/MCUXpressoIDE_11.1.0/workspace/lpc_chip_15xx/Debug/liblpc_chip_15xx.a(sysinit_15xx.o)
Chip_SetupXtalClocking                            /Users/visa/Documents/MCUXpressoIDE_11.1.0/workspace/lpc_chip_15xx/Debug/liblpc_chip_15xx.a(sysinit_15xx.o)
                                                  /Users/visa/Documents/MCUXpressoIDE_11.1.0/workspace/lpc_board_nxp_lpcxpresso_1549/Debug/liblpc_board_nxp_lpcxpresso_1549.a(board_sysinit.o)
Chip_SystemInit                                   /Users/visa/Documents/MCUXpressoIDE_11.1.0/workspace/lpc_chip_15xx/Debug/liblpc_chip_15xx.a(sysinit_15xx.o)
Chip_UART_DeInit                                  /Users/visa/Documents/MCUXpressoIDE_11.1.0/workspace/lpc_chip_15xx/Debug/liblpc_chip_15xx.a(uart_15xx.o)
Chip_UART_IRQRBHandler                            /Users/visa/Documents/MCUXpressoIDE_11.1.0/workspace/lpc_chip_15xx/Debug/liblpc_chip_15xx.a(uart_15xx.o)
Chip_UART_Init                                    /Users/visa/Documents/MCUXpressoIDE_11.1.0/workspace/lpc_chip_15xx/Debug/liblpc_chip_15xx.a(uart_15xx.o)
                                                  /Users/visa/Documents/MCUXpressoIDE_11.1.0/workspace/lpc_board_nxp_lpcxpresso_1549/Debug/liblpc_board_nxp_lpcxpresso_1549.a(board.o)
Chip_UART_RXIntHandlerRB                          /Users/visa/Documents/MCUXpressoIDE_11.1.0/workspace/lpc_chip_15xx/Debug/liblpc_chip_15xx.a(uart_15xx.o)
Chip_UART_Read                                    /Users/visa/Documents/MCUXpressoIDE_11.1.0/workspace/lpc_chip_15xx/Debug/liblpc_chip_15xx.a(uart_15xx.o)
                                                  /Users/visa/Documents/MCUXpressoIDE_11.1.0/workspace/lpc_board_nxp_lpcxpresso_1549/Debug/liblpc_board_nxp_lpcxpresso_1549.a(board.o)
Chip_UART_ReadBlocking                            /Users/visa/Documents/MCUXpressoIDE_11.1.0/workspace/lpc_chip_15xx/Debug/liblpc_chip_15xx.a(uart_15xx.o)
Chip_UART_ReadRB                                  /Users/visa/Documents/MCUXpressoIDE_11.1.0/workspace/lpc_chip_15xx/Debug/liblpc_chip_15xx.a(uart_15xx.o)
Chip_UART_Send                                    /Users/visa/Documents/MCUXpressoIDE_11.1.0/workspace/lpc_chip_15xx/Debug/liblpc_chip_15xx.a(uart_15xx.o)
Chip_UART_SendBlocking                            /Users/visa/Documents/MCUXpressoIDE_11.1.0/workspace/lpc_chip_15xx/Debug/liblpc_chip_15xx.a(uart_15xx.o)
                                                  /Users/visa/Documents/MCUXpressoIDE_11.1.0/workspace/lpc_board_nxp_lpcxpresso_1549/Debug/liblpc_board_nxp_lpcxpresso_1549.a(board.o)
Chip_UART_SendRB                                  /Users/visa/Documents/MCUXpressoIDE_11.1.0/workspace/lpc_chip_15xx/Debug/liblpc_chip_15xx.a(uart_15xx.o)
Chip_UART_SetBaud                                 /Users/visa/Documents/MCUXpressoIDE_11.1.0/workspace/lpc_chip_15xx/Debug/liblpc_chip_15xx.a(uart_15xx.o)
                                                  /Users/visa/Documents/MCUXpressoIDE_11.1.0/workspace/lpc_board_nxp_lpcxpresso_1549/Debug/liblpc_board_nxp_lpcxpresso_1549.a(board.o)
Chip_UART_SetBaudWithRTC32K                       /Users/visa/Documents/MCUXpressoIDE_11.1.0/workspace/lpc_chip_15xx/Debug/liblpc_chip_15xx.a(uart_15xx.o)
Chip_UART_TXIntHandlerRB                          /Users/visa/Documents/MCUXpressoIDE_11.1.0/workspace/lpc_chip_15xx/Debug/liblpc_chip_15xx.a(uart_15xx.o)
Chip_USB_Init                                     /Users/visa/Documents/MCUXpressoIDE_11.1.0/workspace/lpc_chip_15xx/Debug/liblpc_chip_15xx.a(chip_15xx.o)
DAC_IRQHandler                                    ./src/cr_startup_lpc15xx.o
DMA_IRQHandler                                    ./src/cr_startup_lpc15xx.o
DebugMon_Handler                                  ./src/cr_startup_lpc15xx.o
EEPROM_IRQHandler                                 ./src/cr_startup_lpc15xx.o
FMC_IRQHandler                                    ./src/cr_startup_lpc15xx.o
GINT0_IRQHandler                                  ./src/cr_startup_lpc15xx.o
GINT1_IRQHandler                                  ./src/cr_startup_lpc15xx.o
HardFault_Handler                                 ./src/cr_startup_lpc15xx.o
I2C0_IRQHandler                                   ./src/cr_startup_lpc15xx.o
IntDefaultHandler                                 ./src/cr_startup_lpc15xx.o
Joystick_GetStatus                                /Users/visa/Documents/MCUXpressoIDE_11.1.0/workspace/lpc_board_nxp_lpcxpresso_1549/Debug/liblpc_board_nxp_lpcxpresso_1549.a(board.o)
MRT_IRQHandler                                    ./src/cr_startup_lpc15xx.o
MemManage_Handler                                 ./src/cr_startup_lpc15xx.o
NMI_Handler                                       ./src/cr_startup_lpc15xx.o
OscRateIn                                         /Users/visa/Documents/MCUXpressoIDE_11.1.0/workspace/lpc_board_nxp_lpcxpresso_1549/Debug/liblpc_board_nxp_lpcxpresso_1549.a(board.o)
                                                  /Users/visa/Documents/MCUXpressoIDE_11.1.0/workspace/lpc_chip_15xx/Debug/liblpc_chip_15xx.a(clock_15xx.o)
PIN_INT0_IRQHandler                               ./src/cr_startup_lpc15xx.o
PIN_INT1_IRQHandler                               ./src/cr_startup_lpc15xx.o
PIN_INT2_IRQHandler                               ./src/cr_startup_lpc15xx.o
PIN_INT3_IRQHandler                               ./src/cr_startup_lpc15xx.o
PIN_INT4_IRQHandler                               ./src/cr_startup_lpc15xx.o
PIN_INT5_IRQHandler                               ./src/cr_startup_lpc15xx.o
PIN_INT6_IRQHandler                               ./src/cr_startup_lpc15xx.o
PIN_INT7_IRQHandler                               ./src/cr_startup_lpc15xx.o
PendSV_Handler                                    ./src/cr_startup_lpc15xx.o
QEI_IRQHandler                                    ./src/cr_startup_lpc15xx.o
RIT_IRQHandler                                    ./src/cr_startup_lpc15xx.o
RTCOscRateIn                                      /Users/visa/Documents/MCUXpressoIDE_11.1.0/workspace/lpc_board_nxp_lpcxpresso_1549/Debug/liblpc_board_nxp_lpcxpresso_1549.a(board.o)
                                                  /Users/visa/Documents/MCUXpressoIDE_11.1.0/workspace/lpc_chip_15xx/Debug/liblpc_chip_15xx.a(uart_15xx.o)
                                                  /Users/visa/Documents/MCUXpressoIDE_11.1.0/workspace/lpc_chip_15xx/Debug/liblpc_chip_15xx.a(clock_15xx.o)
RTC_ALARM_IRQHandler                              ./src/cr_startup_lpc15xx.o
RTC_WAKE_IRQHandler                               ./src/cr_startup_lpc15xx.o
ResetISR                                          ./src/cr_startup_lpc15xx.o
RingBuffer_Init                                   /Users/visa/Documents/MCUXpressoIDE_11.1.0/workspace/lpc_chip_15xx/Debug/liblpc_chip_15xx.a(ring_buffer.o)
RingBuffer_Insert                                 /Users/visa/Documents/MCUXpressoIDE_11.1.0/workspace/lpc_chip_15xx/Debug/liblpc_chip_15xx.a(ring_buffer.o)
                                                  /Users/visa/Documents/MCUXpressoIDE_11.1.0/workspace/lpc_chip_15xx/Debug/liblpc_chip_15xx.a(uart_15xx.o)
RingBuffer_InsertMult                             /Users/visa/Documents/MCUXpressoIDE_11.1.0/workspace/lpc_chip_15xx/Debug/liblpc_chip_15xx.a(ring_buffer.o)
                                                  /Users/visa/Documents/MCUXpressoIDE_11.1.0/workspace/lpc_chip_15xx/Debug/liblpc_chip_15xx.a(uart_15xx.o)
RingBuffer_Pop                                    /Users/visa/Documents/MCUXpressoIDE_11.1.0/workspace/lpc_chip_15xx/Debug/liblpc_chip_15xx.a(ring_buffer.o)
                                                  /Users/visa/Documents/MCUXpressoIDE_11.1.0/workspace/lpc_chip_15xx/Debug/liblpc_chip_15xx.a(uart_15xx.o)
RingBuffer_PopMult                                /Users/visa/Documents/MCUXpressoIDE_11.1.0/workspace/lpc_chip_15xx/Debug/liblpc_chip_15xx.a(ring_buffer.o)
                                                  /Users/visa/Documents/MCUXpressoIDE_11.1.0/workspace/lpc_chip_15xx/Debug/liblpc_chip_15xx.a(uart_15xx.o)
SCT0_IRQHandler                                   ./src/cr_startup_lpc15xx.o
SCT1_IRQHandler                                   ./src/cr_startup_lpc15xx.o
SCT2_IRQHandler                                   ./src/cr_startup_lpc15xx.o
SCT3_IRQHandler                                   ./src/cr_startup_lpc15xx.o
SPI0_IRQHandler                                   ./src/cr_startup_lpc15xx.o
SPI1_IRQHandler                                   ./src/cr_startup_lpc15xx.o
SVC_Handler                                       ./src/cr_startup_lpc15xx.o
Sleep(int)                                        ./src/Exercise01.o
SysTick_Handler                                   ./src/Exercise01.o
SystemCoreClock                                   /Users/visa/Documents/MCUXpressoIDE_11.1.0/workspace/lpc_chip_15xx/Debug/liblpc_chip_15xx.a(chip_15xx.o)
SystemCoreClockUpdate                             /Users/visa/Documents/MCUXpressoIDE_11.1.0/workspace/lpc_chip_15xx/Debug/liblpc_chip_15xx.a(chip_15xx.o)
                                                  ./src/Exercise01.o
SystemInit                                        ./src/sysinit.o
                                                  ./src/cr_startup_lpc15xx.o
UART0_IRQHandler                                  ./src/cr_startup_lpc15xx.o
UART1_IRQHandler                                  ./src/cr_startup_lpc15xx.o
UART2_IRQHandler                                  ./src/cr_startup_lpc15xx.o
USBWakeup_IRQHandler                              ./src/cr_startup_lpc15xx.o
USB_FIQHandler                                    ./src/cr_startup_lpc15xx.o
USB_IRQHandler                                    ./src/cr_startup_lpc15xx.o
UsageFault_Handler                                ./src/cr_startup_lpc15xx.o
WDT_IRQHandler                                    ./src/cr_startup_lpc15xx.o
__aeabi_atexit                                    ./src/cr_cpp_config.o
__aeabi_idiv0                                     /Applications/MCUXpressoIDE_11.1.0_3209/ide/plugins/com.nxp.mcuxpresso.tools.macosx_11.1.0.201909161352/tools/bin/../lib/gcc/arm-none-eabi/8.3.1/thumb/v7-m/nofp/libgcc.a(_dvmd_tls.o)
__aeabi_ldiv0                                     /Applications/MCUXpressoIDE_11.1.0_3209/ide/plugins/com.nxp.mcuxpresso.tools.macosx_11.1.0.201909161352/tools/bin/../lib/gcc/arm-none-eabi/8.3.1/thumb/v7-m/nofp/libgcc.a(_dvmd_tls.o)
                                                  /Applications/MCUXpressoIDE_11.1.0_3209/ide/plugins/com.nxp.mcuxpresso.tools.macosx_11.1.0.201909161352/tools/bin/../lib/gcc/arm-none-eabi/8.3.1/thumb/v7-m/nofp/libgcc.a(_aeabi_uldivmod.o)
__aeabi_uldivmod                                  /Applications/MCUXpressoIDE_11.1.0_3209/ide/plugins/com.nxp.mcuxpresso.tools.macosx_11.1.0.201909161352/tools/bin/../lib/gcc/arm-none-eabi/8.3.1/thumb/v7-m/nofp/libgcc.a(_aeabi_uldivmod.o)
                                                  /Users/visa/Documents/MCUXpressoIDE_11.1.0/workspace/lpc_chip_15xx/Debug/liblpc_chip_15xx.a(clock_15xx.o)
__bss_section_table_end                           ./src/cr_startup_lpc15xx.o
__check_heap_overflow                             /Applications/MCUXpressoIDE_11.1.0_3209/ide/plugins/com.nxp.mcuxpresso.tools.macosx_11.1.0.201909161352/tools/bin/../lib/gcc/arm-none-eabi/8.3.1/../../../../arm-none-eabi/lib/thumb/v7-m/nofp/libcr_newlib_nohost.a(_cr_check_heap.o)
                                                  /Applications/MCUXpressoIDE_11.1.0_3209/ide/plugins/com.nxp.mcuxpresso.tools.macosx_11.1.0.201909161352/tools/bin/../lib/gcc/arm-none-eabi/8.3.1/../../../../arm-none-eabi/lib/thumb/v7-m/nofp/libcr_newlib_nohost.a(_cr_sbrk.o)
__data_section_table                              ./src/cr_startup_lpc15xx.o
__data_section_table_end                          ./src/cr_startup_lpc15xx.o
__deregister_frame_info                           /Applications/MCUXpressoIDE_11.1.0_3209/ide/plugins/com.nxp.mcuxpresso.tools.macosx_11.1.0.201909161352/tools/bin/../lib/gcc/arm-none-eabi/8.3.1/thumb/v7-m/nofp/crtbegin.o
__dso_handle                                      /Applications/MCUXpressoIDE_11.1.0_3209/ide/plugins/com.nxp.mcuxpresso.tools.macosx_11.1.0.201909161352/tools/bin/../lib/gcc/arm-none-eabi/8.3.1/thumb/v7-m/nofp/crtbegin.o
__end_of_heap                                     /Applications/MCUXpressoIDE_11.1.0_3209/ide/plugins/com.nxp.mcuxpresso.tools.macosx_11.1.0.201909161352/tools/bin/../lib/gcc/arm-none-eabi/8.3.1/../../../../arm-none-eabi/lib/thumb/v7-m/nofp/libcr_newlib_nohost.a(_cr_sbrk.o)
__errno                                           /Applications/MCUXpressoIDE_11.1.0_3209/ide/plugins/com.nxp.mcuxpresso.tools.macosx_11.1.0.201909161352/tools/bin/../lib/gcc/arm-none-eabi/8.3.1/../../../../arm-none-eabi/lib/thumb/v7-m/nofp/libc.a(lib_a-errno.o)
                                                  /Applications/MCUXpressoIDE_11.1.0_3209/ide/plugins/com.nxp.mcuxpresso.tools.macosx_11.1.0.201909161352/tools/bin/../lib/gcc/arm-none-eabi/8.3.1/../../../../arm-none-eabi/lib/thumb/v7-m/nofp/libcr_newlib_nohost.a(_cr_sbrk.o)
__gnu_cxx::__verbose_terminate_handler()          ./src/cr_cpp_config.o